FAILED tests/test_affine_control/test_residuals.py::TestResiduals::test_all_modes_in_invariant
FAILED tests/test_affine_control/test_residuals.py::TestResiduals::test_monitor_switching
FAILED tests/test_affine_control/test_residuals.py::TestResiduals::test_mpc_warn_to_lqr_direct
FAILED tests/test_affine_control/test_swing_optimizer.py::TestSwingOptimizerOptimize::test_optimize_rejects_mock_solver_without_opt_in
FAILED tests/test_deployment_integrity.py::test_deploy_workflow_integrity - A...
FAILED tests/test_rl_funnel_benchmark.py::test_generate_reference_trajectory_rejects_invalid_span
FAILED tests/test_rl_funnel_benchmark.py::test_run_comparison_rejects_negative_perturbation
FAILED tests/test_rl_funnel_benchmark.py::test_run_benchmark_respects_configurable_control_limit
FAILED tests/test_rl_funnel_benchmark.py::test_format_results_returns_summary_text
FAILED tests/test_streamlit_app.py::test_main_runs_entry_sequence - Attribute...
FAILED tests/test_tangent_integration.py::TestResidualMonitorPipeline::test_monitor_transitions_on_large_residuals
FAILED tests/test_tangent_integration.py::TestResidualMonitorPipeline::test_monitor_returns_to_lqr_on_small_residuals
FAILED tests/tools/test_code_quality_extras.py::TestCheckBannedPatterns::test_detects_todo
FAILED tests/tools/test_code_quality_extras.py::TestCheckBannedPatterns::test_detects_fixme