\BOOKMARK [0][-]{chapter*.1}{\376\377\000P\000r\000e\000f\000a\000c\000e}{}% 1
\BOOKMARK [0][-]{chapter.1}{\376\377\0001\000\040\000F\000o\000u\000n\000d\000a\000t\000i\000o\000n\000s\000:\000\040\000T\000a\000n\000g\000e\000n\000t\000\040\000S\000p\000a\000c\000e\000s\000\040\000a\000n\000d\000\040\000E\000x\000a\000c\000t\000n\000e\000s\000s}{}% 2
\BOOKMARK [1][-]{section.1.1}{\376\377\0001\000.\0001\000\040\000M\000o\000t\000i\000v\000a\000t\000i\000o\000n\000:\000\040\000W\000h\000y\000\040\000G\000e\000o\000m\000e\000t\000r\000y\000\040\000M\000a\000t\000t\000e\000r\000s\000\040\000f\000o\000r\000\040\000C\000o\000n\000t\000r\000o\000l}{chapter.1}% 3
\BOOKMARK [1][-]{section.1.2}{\376\377\0001\000.\0002\000\040\000H\000i\000s\000t\000o\000r\000i\000c\000a\000l\000\040\000C\000o\000n\000t\000e\000x\000t\000:\000\040\000F\000r\000o\000m\000\040\000N\000e\000w\000t\000o\000n\000\040\000t\000o\000\040\000M\000o\000d\000e\000r\000n\000\040\000D\000i\000f\000f\000e\000r\000e\000n\000t\000i\000a\000l\000\040\000G\000e\000o\000m\000e\000t\000r\000y}{chapter.1}% 4
\BOOKMARK [2][-]{subsection.1.2.1}{\376\377\0001\000.\0002\000.\0001\000\040\000N\000e\000w\000t\000o\000n\000,\000\040\000L\000e\000i\000b\000n\000i\000z\000,\000\040\000a\000n\000d\000\040\000t\000h\000e\000\040\000B\000i\000r\000t\000h\000\040\000o\000f\000\040\000t\000h\000e\000\040\000I\000n\000f\000i\000n\000i\000t\000e\000s\000i\000m\000a\000l}{section.1.2}% 5
\BOOKMARK [2][-]{subsection.1.2.2}{\376\377\0001\000.\0002\000.\0002\000\040\000C\000a\000u\000c\000h\000y\000,\000\040\000W\000e\000i\000e\000r\000s\000t\000r\000a\000s\000s\000,\000\040\000a\000n\000d\000\040\000t\000h\000e\000\040\000R\000i\000g\000o\000r\000o\000u\000s\000\040\000F\000o\000u\000n\000d\000a\000t\000i\000o\000n}{section.1.2}% 6
\BOOKMARK [2][-]{subsection.1.2.3}{\376\377\0001\000.\0002\000.\0003\000\040\000R\000i\000e\000m\000a\000n\000n\000'\000s\000\040\000V\000i\000s\000i\000o\000n\000\040\000o\000f\000\040\000I\000n\000t\000r\000i\000n\000s\000i\000c\000\040\000G\000e\000o\000m\000e\000t\000r\000y}{section.1.2}% 7
\BOOKMARK [2][-]{subsection.1.2.4}{\376\377\0001\000.\0002\000.\0004\000\040\000F\000r\000o\000m\000\040\000A\000p\000p\000r\000o\000x\000i\000m\000a\000t\000i\000o\000n\000\040\000t\000o\000\040\000E\000x\000a\000c\000t\000\040\000S\000t\000r\000u\000c\000t\000u\000r\000e}{section.1.2}% 8
\BOOKMARK [2][-]{subsection.1.2.5}{\376\377\0001\000.\0002\000.\0005\000\040\000T\000h\000e\000\040\000C\000o\000n\000c\000e\000p\000t\000u\000a\000l\000\040\000S\000h\000i\000f\000t}{section.1.2}% 9
\BOOKMARK [1][-]{section.1.3}{\376\377\0001\000.\0003\000\040\000S\000m\000o\000o\000t\000h\000\040\000D\000y\000n\000a\000m\000i\000c\000a\000l\000\040\000S\000y\000s\000t\000e\000m\000s}{chapter.1}% 10
\BOOKMARK [1][-]{section.1.4}{\376\377\0001\000.\0004\000\040\000T\000h\000e\000\040\000F\000r\000\351\000c\000h\000e\000t\000\040\000D\000e\000r\000i\000v\000a\000t\000i\000v\000e\000:\000\040\000L\000i\000n\000e\000a\000r\000i\000z\000a\000t\000i\000o\000n\000\040\000a\000s\000\040\000E\000x\000a\000c\000t\000\040\000S\000t\000r\000u\000c\000t\000u\000r\000e}{chapter.1}% 11
\BOOKMARK [2][-]{subsection.1.4.1}{\376\377\0001\000.\0004\000.\0001\000\040\000D\000e\000f\000i\000n\000i\000t\000i\000o\000n\000\040\000a\000n\000d\000\040\000U\000n\000i\000q\000u\000e\000n\000e\000s\000s}{section.1.4}% 12
\BOOKMARK [2][-]{subsection.1.4.2}{\376\377\0001\000.\0004\000.\0002\000\040\000P\000r\000o\000o\000f\000\040\000o\000f\000\040\000U\000n\000i\000q\000u\000e\000n\000e\000s\000s}{section.1.4}% 13
\BOOKMARK [2][-]{subsection.1.4.3}{\376\377\0001\000.\0004\000.\0003\000\040\000R\000e\000l\000a\000t\000i\000o\000n\000s\000h\000i\000p\000\040\000t\000o\000\040\000t\000h\000e\000\040\000G\000\342\000t\000e\000a\000u\000x\000\040\000D\000e\000r\000i\000v\000a\000t\000i\000v\000e}{section.1.4}% 14
\BOOKMARK [2][-]{subsection.1.4.4}{\376\377\0001\000.\0004\000.\0004\000\040\000W\000o\000r\000k\000e\000d\000\040\000E\000x\000a\000m\000p\000l\000e\000:\000\040\000T\000h\000e\000\040\000P\000e\000n\000d\000u\000l\000u\000m\000\040\000J\000a\000c\000o\000b\000i\000a\000n}{section.1.4}% 15
\BOOKMARK [2][-]{subsection.1.4.5}{\376\377\0001\000.\0004\000.\0005\000\040\000T\000h\000e\000\040\000I\000n\000p\000u\000t\000\040\000J\000a\000c\000o\000b\000i\000a\000n}{section.1.4}% 16
\BOOKMARK [1][-]{section.1.5}{\376\377\0001\000.\0005\000\040\000T\000a\000n\000g\000e\000n\000t\000\040\000S\000p\000a\000c\000e\000s\000\040\000a\000s\000\040\000V\000e\000c\000t\000o\000r\000\040\000S\000p\000a\000c\000e\000s}{chapter.1}% 17
\BOOKMARK [2][-]{subsection.1.5.1}{\376\377\0001\000.\0005\000.\0001\000\040\000A\000b\000s\000t\000r\000a\000c\000t\000\040\000D\000e\000f\000i\000n\000i\000t\000i\000o\000n}{section.1.5}% 18
\BOOKMARK [2][-]{subsection.1.5.2}{\376\377\0001\000.\0005\000.\0002\000\040\000I\000s\000o\000m\000o\000r\000p\000h\000i\000s\000m\000\040\000w\000i\000t\000h\000\040\000D\000i\000r\000e\000c\000t\000i\000o\000n\000a\000l\000\040\000D\000e\000r\000i\000v\000a\000t\000i\000v\000e\000s}{section.1.5}% 19
\BOOKMARK [2][-]{subsection.1.5.3}{\376\377\0001\000.\0005\000.\0003\000\040\000W\000h\000y\000\040\000T\000a\000n\000g\000e\000n\000t\000\040\000S\000p\000a\000c\000e\000s\000\040\000A\000r\000e\000\040\000t\000h\000e\000\040\000N\000a\000t\000u\000r\000a\000l\000\040\000H\000o\000m\000e\000\040\000o\000f\000\040\000S\000u\000p\000e\000r\000p\000o\000s\000i\000t\000i\000o\000n}{section.1.5}% 20
\BOOKMARK [2][-]{subsection.1.5.4}{\376\377\0001\000.\0005\000.\0004\000\040\000C\000o\000o\000r\000d\000i\000n\000a\000t\000e\000\040\000R\000e\000p\000r\000e\000s\000e\000n\000t\000a\000t\000i\000o\000n}{section.1.5}% 21
\BOOKMARK [1][-]{section.1.6}{\376\377\0001\000.\0006\000\040\000R\000e\000s\000i\000d\000u\000a\000l\000s\000:\000\040\000G\000e\000o\000m\000e\000t\000r\000y\000,\000\040\000N\000o\000t\000\040\000E\000r\000r\000o\000r}{chapter.1}% 22
\BOOKMARK [2][-]{subsection.1.6.1}{\376\377\0001\000.\0006\000.\0001\000\040\000R\000e\000s\000i\000d\000u\000a\000l\000\040\000S\000c\000a\000l\000i\000n\000g\000:\000\040\000A\000\040\000C\000o\000n\000c\000r\000e\000t\000e\000\040\000E\000x\000a\000m\000p\000l\000e}{section.1.6}% 23
\BOOKMARK [2][-]{subsection.1.6.2}{\376\377\0001\000.\0006\000.\0002\000\040\000T\000w\000o\000\040\000P\000e\000r\000s\000p\000e\000c\000t\000i\000v\000e\000s\000\040\000o\000n\000\040\000L\000i\000n\000e\000a\000r\000i\000z\000a\000t\000i\000o\000n}{section.1.6}% 24
\BOOKMARK [1][-]{section.1.7}{\376\377\0001\000.\0007\000\040\000M\000a\000n\000i\000f\000o\000l\000d\000\040\000E\000x\000a\000m\000p\000l\000e\000s\000:\000\040\000F\000r\000o\000m\000\040\000T\000h\000e\000o\000r\000y\000\040\000t\000o\000\040\000A\000p\000p\000l\000i\000c\000a\000t\000i\000o\000n}{chapter.1}% 25
\BOOKMARK [2][-]{subsection.1.7.1}{\376\377\0001\000.\0007\000.\0001\000\040\000S\000O\000\050\0003\000\051\000:\000\040\000R\000o\000t\000a\000t\000i\000o\000n\000s\000\040\000a\000n\000d\000\040\000A\000t\000t\000i\000t\000u\000d\000e\000\040\000D\000y\000n\000a\000m\000i\000c\000s}{section.1.7}% 26
\BOOKMARK [2][-]{subsection.1.7.2}{\376\377\0001\000.\0007\000.\0002\000\040\000S\000E\000\050\0003\000\051\000:\000\040\000R\000i\000g\000i\000d\000\040\000B\000o\000d\000y\000\040\000T\000r\000a\000n\000s\000f\000o\000r\000m\000a\000t\000i\000o\000n\000s}{section.1.7}% 27
\BOOKMARK [2][-]{subsection.1.7.3}{\376\377\0001\000.\0007\000.\0003\000\040\000T\000h\000e\000\040\000D\000o\000u\000b\000l\000e\000\040\000P\000e\000n\000d\000u\000l\000u\000m\000\040\000C\000o\000n\000f\000i\000g\000u\000r\000a\000t\000i\000o\000n\000\040\000M\000a\000n\000i\000f\000o\000l\000d}{section.1.7}% 28
\BOOKMARK [1][-]{section.1.8}{\376\377\0001\000.\0008\000\040\000N\000o\000n\000l\000i\000n\000e\000a\000r\000i\000t\000y\000\040\000R\000e\000-\000e\000n\000t\000e\000r\000s\000\040\000T\000h\000r\000o\000u\000g\000h\000\040\000T\000r\000a\000n\000s\000p\000o\000r\000t}{chapter.1}% 29
\BOOKMARK [2][-]{subsection.1.8.1}{\376\377\0001\000.\0008\000.\0001\000\040\000T\000r\000a\000n\000s\000p\000o\000r\000t\000\040\000a\000s\000\040\000C\000u\000r\000v\000e\000d\000\040\000G\000e\000o\000m\000e\000t\000r\000y}{section.1.8}% 30
\BOOKMARK [2][-]{subsection.1.8.2}{\376\377\0001\000.\0008\000.\0002\000\040\000S\000t\000a\000t\000e\000\040\000T\000r\000a\000n\000s\000i\000t\000i\000o\000n\000\040\000M\000a\000t\000r\000i\000x\000\040\000a\000n\000d\000\040\000V\000a\000r\000i\000a\000t\000i\000o\000n\000a\000l\000\040\000E\000q\000u\000a\000t\000i\000o\000n\000s}{section.1.8}% 31
\BOOKMARK [2][-]{subsection.1.8.3}{\376\377\0001\000.\0008\000.\0003\000\040\000C\000h\000r\000i\000s\000t\000o\000f\000f\000e\000l\000\040\000S\000y\000m\000b\000o\000l\000s\000\040\000a\000n\000d\000\040\000P\000a\000r\000a\000l\000l\000e\000l\000\040\000T\000r\000a\000n\000s\000p\000o\000r\000t\000\040\000\050\000I\000n\000t\000u\000i\000t\000i\000v\000e\000\040\000P\000i\000c\000t\000u\000r\000e\000\051}{section.1.8}% 32
\BOOKMARK [2][-]{subsection.1.8.4}{\376\377\0001\000.\0008\000.\0004\000\040\000C\000o\000n\000n\000e\000c\000t\000i\000o\000n\000\040\000t\000o\000\040\000D\000i\000f\000f\000e\000r\000e\000n\000t\000i\000a\000l\000\040\000D\000y\000n\000a\000m\000i\000c\000\040\000P\000r\000o\000g\000r\000a\000m\000m\000i\000n\000g}{section.1.8}% 33
\BOOKMARK [1][-]{section.1.9}{\376\377\0001\000.\0009\000\040\000S\000c\000o\000p\000e\000\040\000o\000f\000\040\000E\000x\000a\000c\000t\000n\000e\000s\000s\000:\000\040\000W\000h\000e\000n\000\040\000t\000h\000e\000\040\000T\000a\000n\000g\000e\000n\000t\000-\000S\000p\000a\000c\000e\000\040\000P\000i\000c\000t\000u\000r\000e\000\040\000B\000r\000e\000a\000k\000s\000\040\000D\000o\000w\000n}{chapter.1}% 34
\BOOKMARK [2][-]{subsection.1.9.1}{\376\377\0001\000.\0009\000.\0001\000\040\000D\000i\000s\000c\000o\000n\000t\000i\000n\000u\000i\000t\000i\000e\000s\000\040\000a\000n\000d\000\040\000P\000i\000e\000c\000e\000w\000i\000s\000e\000-\000S\000m\000o\000o\000t\000h\000\040\000S\000y\000s\000t\000e\000m\000s}{section.1.9}% 35
\BOOKMARK [2][-]{subsection.1.9.2}{\376\377\0001\000.\0009\000.\0002\000\040\000C\000h\000a\000t\000t\000e\000r\000i\000n\000g\000\040\000a\000n\000d\000\040\000S\000l\000i\000d\000i\000n\000g\000\040\000M\000o\000d\000e\000s}{section.1.9}% 36
\BOOKMARK [2][-]{subsection.1.9.3}{\376\377\0001\000.\0009\000.\0003\000\040\000Z\000e\000n\000o\000\040\000B\000e\000h\000a\000v\000i\000o\000r\000\040\000a\000n\000d\000\040\000A\000c\000c\000u\000m\000u\000l\000a\000t\000i\000o\000n\000\040\000o\000f\000\040\000E\000v\000e\000n\000t\000s}{section.1.9}% 37
\BOOKMARK [2][-]{subsection.1.9.4}{\376\377\0001\000.\0009\000.\0004\000\040\000S\000i\000n\000g\000u\000l\000a\000r\000\040\000C\000o\000n\000f\000i\000g\000u\000r\000a\000t\000i\000o\000n\000s\000\040\000o\000n\000\040\000M\000a\000n\000i\000f\000o\000l\000d\000s}{section.1.9}% 38
\BOOKMARK [2][-]{subsection.1.9.5}{\376\377\0001\000.\0009\000.\0005\000\040\000S\000u\000m\000m\000a\000r\000y\000:\000\040\000B\000o\000u\000n\000d\000a\000r\000i\000e\000s\000\040\000o\000f\000\040\000t\000h\000e\000\040\000T\000h\000e\000o\000r\000y}{section.1.9}% 39
\BOOKMARK [1][-]{section.1.10}{\376\377\0001\000.\0001\0000\000\040\000T\000h\000e\000\040\000F\000i\000v\000e\000\040\000A\000x\000i\000o\000m\000s\000:\000\040\000A\000\040\000S\000u\000m\000m\000a\000r\000y}{chapter.1}% 40
\BOOKMARK [1][-]{section.1.11}{\376\377\0001\000.\0001\0001\000\040\000S\000c\000o\000p\000e\000\040\000a\000n\000d\000\040\000L\000i\000m\000i\000t\000a\000t\000i\000o\000n\000s}{chapter.1}% 41
\BOOKMARK [2][-]{subsection.1.11.1}{\376\377\0001\000.\0001\0001\000.\0001\000\040\000W\000h\000e\000n\000\040\000t\000o\000\040\000U\000s\000e\000\040\000T\000h\000i\000s\000\040\000F\000r\000a\000m\000e\000w\000o\000r\000k}{section.1.11}% 42
\BOOKMARK [2][-]{subsection.1.11.2}{\376\377\0001\000.\0001\0001\000.\0002\000\040\000I\000m\000p\000o\000r\000t\000a\000n\000t\000\040\000D\000i\000s\000t\000i\000n\000c\000t\000i\000o\000n\000:\000\040\000L\000i\000n\000e\000a\000r\000i\000z\000a\000t\000i\000o\000n\000\040\000v\000s\000.\000\040\000L\000i\000n\000e\000a\000r\000\040\000A\000p\000p\000r\000o\000x\000i\000m\000a\000t\000i\000o\000n}{section.1.11}% 43
\BOOKMARK [2][-]{subsection.1.11.3}{\376\377\0001\000.\0001\0001\000.\0003\000\040\000L\000o\000o\000k\000i\000n\000g\000\040\000A\000h\000e\000a\000d}{section.1.11}% 44
\BOOKMARK [0][-]{chapter.2}{\376\377\0002\000\040\000V\000a\000r\000i\000a\000t\000i\000o\000n\000a\000l\000\040\000D\000y\000n\000a\000m\000i\000c\000s\000\040\000a\000n\000d\000\040\000t\000h\000e\000\040\000M\000o\000v\000i\000n\000g\000\040\000F\000r\000a\000m\000e}{}% 45
\BOOKMARK [1][-]{section.2.1}{\376\377\0002\000.\0001\000\040\000F\000r\000o\000m\000\040\000G\000l\000o\000b\000a\000l\000\040\000N\000o\000n\000l\000i\000n\000e\000a\000r\000i\000t\000y\000\040\000t\000o\000\040\000L\000o\000c\000a\000l\000\040\000L\000i\000n\000e\000a\000r\000i\000t\000y}{chapter.2}% 46
\BOOKMARK [2][-]{subsection.2.1.1}{\376\377\0002\000.\0001\000.\0001\000\040\000S\000e\000t\000u\000p\000:\000\040\000N\000o\000m\000i\000n\000a\000l\000\040\000a\000n\000d\000\040\000P\000e\000r\000t\000u\000r\000b\000e\000d\000\040\000T\000r\000a\000j\000e\000c\000t\000o\000r\000i\000e\000s}{section.2.1}% 47
\BOOKMARK [2][-]{subsection.2.1.2}{\376\377\0002\000.\0001\000.\0002\000\040\000D\000e\000r\000i\000v\000a\000t\000i\000o\000n\000\040\000o\000f\000\040\000t\000h\000e\000\040\000V\000a\000r\000i\000a\000t\000i\000o\000n\000a\000l\000\040\000E\000q\000u\000a\000t\000i\000o\000n\000\040\000f\000r\000o\000m\000\040\000F\000i\000r\000s\000t\000\040\000P\000r\000i\000n\000c\000i\000p\000l\000e\000s}{section.2.1}% 48
\BOOKMARK [1][-]{section.2.2}{\376\377\0002\000.\0002\000\040\000T\000h\000e\000\040\000S\000t\000a\000t\000e\000\040\000T\000r\000a\000n\000s\000i\000t\000i\000o\000n\000\040\000M\000a\000t\000r\000i\000x}{chapter.2}% 49
\BOOKMARK [2][-]{subsection.2.2.1}{\376\377\0002\000.\0002\000.\0001\000\040\000D\000e\000f\000i\000n\000i\000t\000i\000o\000n\000\040\000a\000n\000d\000\040\000F\000u\000n\000d\000a\000m\000e\000n\000t\000a\000l\000\040\000O\000D\000E}{section.2.2}% 50
\BOOKMARK [2][-]{subsection.2.2.2}{\376\377\0002\000.\0002\000.\0002\000\040\000P\000r\000o\000p\000e\000r\000t\000i\000e\000s\000\040\000a\000n\000d\000\040\000R\000i\000g\000o\000r\000o\000u\000s\000\040\000P\000r\000o\000o\000f\000s}{section.2.2}% 51
\BOOKMARK [1][-]{section.2.3}{\376\377\0002\000.\0003\000\040\000T\000h\000e\000\040\000P\000e\000a\000n\000o\000-\000B\000a\000k\000e\000r\000\040\000S\000e\000r\000i\000e\000s\000\040\000a\000n\000d\000\040\000E\000x\000a\000c\000t\000\040\000S\000o\000l\000u\000t\000i\000o\000n}{chapter.2}% 52
\BOOKMARK [2][-]{subsection.2.3.1}{\376\377\0002\000.\0003\000.\0001\000\040\000D\000e\000r\000i\000v\000a\000t\000i\000o\000n\000\040\000o\000f\000\040\000t\000h\000e\000\040\000S\000e\000r\000i\000e\000s}{section.2.3}% 53
\BOOKMARK [2][-]{subsection.2.3.2}{\376\377\0002\000.\0003\000.\0002\000\040\000C\000o\000n\000v\000e\000r\000g\000e\000n\000c\000e}{section.2.3}% 54
\BOOKMARK [1][-]{section.2.4}{\376\377\0002\000.\0004\000\040\000N\000u\000m\000e\000r\000i\000c\000a\000l\000\040\000C\000o\000m\000p\000u\000t\000a\000t\000i\000o\000n\000\040\000o\000f\000\040\000t\000h\000e\000\040\000S\000t\000a\000t\000e\000\040\000T\000r\000a\000n\000s\000i\000t\000i\000o\000n\000\040\000M\000a\000t\000r\000i\000x}{chapter.2}% 55
\BOOKMARK [2][-]{subsection.2.4.1}{\376\377\0002\000.\0004\000.\0001\000\040\000D\000i\000r\000e\000c\000t\000\040\000I\000n\000t\000e\000g\000r\000a\000t\000i\000o\000n\000\040\000o\000f\000\040\000t\000h\000e\000\040\000M\000a\000t\000r\000i\000x\000\040\000O\000D\000E}{section.2.4}% 56
\BOOKMARK [2][-]{subsection.2.4.2}{\376\377\0002\000.\0004\000.\0002\000\040\000T\000h\000e\000\040\000M\000a\000t\000r\000i\000x\000\040\000E\000x\000p\000o\000n\000e\000n\000t\000i\000a\000l\000\040\000a\000n\000d\000\040\000P\000a\000d\000\351\000\040\000A\000p\000p\000r\000o\000x\000i\000m\000a\000t\000i\000o\000n}{section.2.4}% 57
\BOOKMARK [2][-]{subsection.2.4.3}{\376\377\0002\000.\0004\000.\0003\000\040\000C\000o\000m\000p\000u\000t\000a\000t\000i\000o\000n\000a\000l\000\040\000C\000o\000s\000t}{section.2.4}% 58
\BOOKMARK [1][-]{section.2.5}{\376\377\0002\000.\0005\000\040\000V\000a\000r\000i\000a\000t\000i\000o\000n\000\040\000o\000f\000\040\000C\000o\000n\000s\000t\000a\000n\000t\000s\000\040\000F\000o\000r\000m\000u\000l\000a}{chapter.2}% 59
\BOOKMARK [2][-]{subsection.2.5.1}{\376\377\0002\000.\0005\000.\0001\000\040\000D\000e\000r\000i\000v\000a\000t\000i\000o\000n}{section.2.5}% 60
\BOOKMARK [2][-]{subsection.2.5.2}{\376\377\0002\000.\0005\000.\0002\000\040\000P\000h\000y\000s\000i\000c\000a\000l\000\040\000I\000n\000t\000e\000r\000p\000r\000e\000t\000a\000t\000i\000o\000n}{section.2.5}% 61
\BOOKMARK [1][-]{section.2.6}{\376\377\0002\000.\0006\000\040\000D\000i\000s\000c\000r\000e\000t\000e\000-\000T\000i\000m\000e\000\040\000V\000a\000r\000i\000a\000t\000i\000o\000n\000a\000l\000\040\000D\000y\000n\000a\000m\000i\000c\000s}{chapter.2}% 62
\BOOKMARK [2][-]{subsection.2.6.1}{\376\377\0002\000.\0006\000.\0001\000\040\000L\000i\000n\000e\000a\000r\000i\000z\000a\000t\000i\000o\000n\000\040\000a\000n\000d\000\040\000D\000i\000s\000c\000r\000e\000t\000e\000\040\000J\000a\000c\000o\000b\000i\000a\000n\000s}{section.2.6}% 63
\BOOKMARK [2][-]{subsection.2.6.2}{\376\377\0002\000.\0006\000.\0002\000\040\000C\000o\000m\000p\000u\000t\000i\000n\000g\000\040\000D\000i\000s\000c\000r\000e\000t\000e\000\040\000J\000a\000c\000o\000b\000i\000a\000n\000s\000\040\000v\000i\000a\000\040\000M\000a\000t\000r\000i\000x\000\040\000E\000x\000p\000o\000n\000e\000n\000t\000i\000a\000l}{section.2.6}% 64
\BOOKMARK [2][-]{subsection.2.6.3}{\376\377\0002\000.\0006\000.\0003\000\040\000D\000i\000s\000c\000r\000e\000t\000e\000\040\000S\000t\000a\000t\000e\000\040\000T\000r\000a\000n\000s\000i\000t\000i\000o\000n\000\040\000M\000a\000t\000r\000i\000x}{section.2.6}% 65
\BOOKMARK [1][-]{section.2.7}{\376\377\0002\000.\0007\000\040\000A\000\040\000W\000o\000r\000k\000e\000d\000\040\000E\000x\000a\000m\000p\000l\000e\000:\000\040\000L\000i\000n\000e\000a\000r\000i\000z\000e\000d\000\040\000P\000e\000n\000d\000u\000l\000u\000m}{chapter.2}% 66
\BOOKMARK [2][-]{subsection.2.7.1}{\376\377\0002\000.\0007\000.\0001\000\040\000P\000e\000n\000d\000u\000l\000u\000m\000\040\000D\000y\000n\000a\000m\000i\000c\000s}{section.2.7}% 67
\BOOKMARK [2][-]{subsection.2.7.2}{\376\377\0002\000.\0007\000.\0002\000\040\000N\000o\000m\000i\000n\000a\000l\000\040\000T\000r\000a\000j\000e\000c\000t\000o\000r\000y}{section.2.7}% 68
\BOOKMARK [2][-]{subsection.2.7.3}{\376\377\0002\000.\0007\000.\0003\000\040\000J\000a\000c\000o\000b\000i\000a\000n\000s}{section.2.7}% 69
\BOOKMARK [2][-]{subsection.2.7.4}{\376\377\0002\000.\0007\000.\0004\000\040\000E\000i\000g\000e\000n\000v\000a\000l\000u\000e\000s\000\040\000a\000n\000d\000\040\000S\000t\000a\000t\000e\000\040\000T\000r\000a\000n\000s\000i\000t\000i\000o\000n\000\040\000M\000a\000t\000r\000i\000x}{section.2.7}% 70
\BOOKMARK [2][-]{subsection.2.7.5}{\376\377\0002\000.\0007\000.\0005\000\040\000N\000u\000m\000e\000r\000i\000c\000a\000l\000\040\000E\000x\000a\000m\000p\000l\000e}{section.2.7}% 71
\BOOKMARK [2][-]{subsection.2.7.6}{\376\377\0002\000.\0007\000.\0006\000\040\000D\000u\000h\000a\000m\000e\000l\000\040\000I\000n\000t\000e\000g\000r\000a\000l\000\040\000w\000i\000t\000h\000\040\000I\000m\000p\000u\000l\000s\000e\000\040\000C\000o\000n\000t\000r\000o\000l}{section.2.7}% 72
\BOOKMARK [1][-]{section.2.8}{\376\377\0002\000.\0008\000\040\000S\000e\000n\000s\000i\000t\000i\000v\000i\000t\000y\000\040\000A\000n\000a\000l\000y\000s\000i\000s\000\040\000a\000n\000d\000\040\000P\000a\000r\000a\000m\000e\000t\000e\000r\000\040\000D\000e\000p\000e\000n\000d\000e\000n\000c\000e}{chapter.2}% 73
\BOOKMARK [2][-]{subsection.2.8.1}{\376\377\0002\000.\0008\000.\0001\000\040\000P\000a\000r\000a\000m\000e\000t\000e\000r\000\040\000S\000e\000n\000s\000i\000t\000i\000v\000i\000t\000y\000\040\000v\000i\000a\000\040\000t\000h\000e\000\040\000V\000a\000r\000i\000a\000t\000i\000o\000n\000a\000l\000\040\000E\000q\000u\000a\000t\000i\000o\000n}{section.2.8}% 74
\BOOKMARK [2][-]{subsection.2.8.2}{\376\377\0002\000.\0008\000.\0002\000\040\000A\000d\000j\000o\000i\000n\000t\000\040\000M\000e\000t\000h\000o\000d\000\040\000f\000o\000r\000\040\000G\000r\000a\000d\000i\000e\000n\000t\000\040\000C\000o\000m\000p\000u\000t\000a\000t\000i\000o\000n}{section.2.8}% 75
\BOOKMARK [2][-]{subsection.2.8.3}{\376\377\0002\000.\0008\000.\0003\000\040\000C\000o\000n\000n\000e\000c\000t\000i\000o\000n\000\040\000t\000o\000\040\000B\000a\000c\000k\000p\000r\000o\000p\000a\000g\000a\000t\000i\000o\000n}{section.2.8}% 76
\BOOKMARK [1][-]{section.2.9}{\376\377\0002\000.\0009\000\040\000L\000i\000o\000u\000v\000i\000l\000l\000e\000'\000s\000\040\000F\000o\000r\000m\000u\000l\000a\000\040\000a\000n\000d\000\040\000P\000h\000a\000s\000e\000\040\000S\000p\000a\000c\000e\000\040\000V\000o\000l\000u\000m\000e}{chapter.2}% 77
\BOOKMARK [2][-]{subsection.2.9.1}{\376\377\0002\000.\0009\000.\0001\000\040\000I\000n\000t\000e\000r\000p\000r\000e\000t\000a\000t\000i\000o\000n\000\040\000v\000i\000a\000\040\000D\000i\000v\000e\000r\000g\000e\000n\000c\000e}{section.2.9}% 78
\BOOKMARK [2][-]{subsection.2.9.2}{\376\377\0002\000.\0009\000.\0002\000\040\000D\000i\000s\000s\000i\000p\000a\000t\000i\000v\000e\000\040\000S\000y\000s\000t\000e\000m\000s}{section.2.9}% 79
\BOOKMARK [2][-]{subsection.2.9.3}{\376\377\0002\000.\0009\000.\0003\000\040\000E\000x\000a\000m\000p\000l\000e\000:\000\040\000P\000e\000n\000d\000u\000l\000u\000m\000\040\000w\000i\000t\000h\000\040\000F\000r\000i\000c\000t\000i\000o\000n}{section.2.9}% 80
\BOOKMARK [1][-]{section.2.10}{\376\377\0002\000.\0001\0000\000\040\000N\000u\000m\000e\000r\000i\000c\000a\000l\000\040\000S\000t\000a\000b\000i\000l\000i\000t\000y\000\040\000a\000n\000d\000\040\000I\000l\000l\000-\000C\000o\000n\000d\000i\000t\000i\000o\000n\000i\000n\000g}{chapter.2}% 81
\BOOKMARK [2][-]{subsection.2.10.1}{\376\377\0002\000.\0001\0000\000.\0001\000\040\000I\000l\000l\000-\000C\000o\000n\000d\000i\000t\000i\000o\000n\000i\000n\000g\000\040\000i\000n\000\040\000S\000t\000i\000f\000f\000\040\000S\000y\000s\000t\000e\000m\000s}{section.2.10}% 82
\BOOKMARK [2][-]{subsection.2.10.2}{\376\377\0002\000.\0001\0000\000.\0002\000\040\000Q\000R\000-\000B\000a\000s\000e\000d\000\040\000P\000r\000o\000p\000a\000g\000a\000t\000i\000o\000n}{section.2.10}% 83
\BOOKMARK [2][-]{subsection.2.10.3}{\376\377\0002\000.\0001\0000\000.\0003\000\040\000S\000i\000n\000g\000u\000l\000a\000r\000\040\000V\000a\000l\000u\000e\000\040\000M\000o\000n\000i\000t\000o\000r\000i\000n\000g}{section.2.10}% 84
\BOOKMARK [1][-]{section.2.11}{\376\377\0002\000.\0001\0001\000\040\000Q\000u\000a\000l\000i\000t\000a\000t\000i\000v\000e\000\040\000I\000n\000t\000e\000r\000p\000r\000e\000t\000a\000t\000i\000o\000n\000\040\000o\000f\000\040\000t\000h\000e\000\040\000J\000a\000c\000o\000b\000i\000a\000n\000s}{chapter.2}% 85
\BOOKMARK [2][-]{subsection.2.11.1}{\376\377\0002\000.\0001\0001\000.\0001\000\040\000A\000\050\000t\000\051\000:\000\040\000L\000o\000c\000a\000l\000\040\000S\000t\000a\000t\000e\000\040\000S\000e\000n\000s\000i\000t\000i\000v\000i\000t\000y}{section.2.11}% 86
\BOOKMARK [2][-]{subsection.2.11.2}{\376\377\0002\000.\0001\0001\000.\0002\000\040\000B\000\050\000t\000\051\000:\000\040\000L\000o\000c\000a\000l\000\040\000C\000o\000n\000t\000r\000o\000l\000\040\000A\000u\000t\000h\000o\000r\000i\000t\000y}{section.2.11}% 87
\BOOKMARK [1][-]{section.2.12}{\376\377\0002\000.\0001\0002\000\040\000R\000e\000s\000i\000d\000u\000a\000l\000s\000\040\000U\000n\000d\000e\000r\000\040\000F\000i\000n\000i\000t\000e\000\040\000P\000e\000r\000t\000u\000r\000b\000a\000t\000i\000o\000n\000s}{chapter.2}% 88
\BOOKMARK [2][-]{subsection.2.12.1}{\376\377\0002\000.\0001\0002\000.\0001\000\040\000R\000e\000s\000i\000d\000u\000a\000l\000\040\000I\000n\000t\000e\000g\000r\000a\000l\000\040\000F\000o\000r\000m}{section.2.12}% 89
\BOOKMARK [2][-]{subsection.2.12.2}{\376\377\0002\000.\0001\0002\000.\0002\000\040\000R\000e\000s\000i\000d\000u\000a\000l\000\040\000B\000o\000u\000n\000d}{section.2.12}% 90
\BOOKMARK [2][-]{subsection.2.12.3}{\376\377\0002\000.\0001\0002\000.\0003\000\040\000R\000e\000s\000i\000d\000u\000a\000l\000\040\000S\000c\000a\000l\000i\000n\000g\000\040\000a\000n\000d\000\040\000I\000t\000e\000r\000a\000t\000i\000v\000e\000\040\000R\000e\000f\000i\000n\000e\000m\000e\000n\000t}{section.2.12}% 91
\BOOKMARK [1][-]{section.2.13}{\376\377\0002\000.\0001\0003\000\040\000C\000h\000a\000p\000t\000e\000r\000\040\000S\000u\000m\000m\000a\000r\000y}{chapter.2}% 92
\BOOKMARK [0][-]{chapter.3}{\376\377\0003\000\040\000S\000u\000p\000e\000r\000p\000o\000s\000i\000t\000i\000o\000n\000:\000\040\000F\000r\000o\000m\000\040\000L\000i\000n\000e\000a\000r\000\040\000t\000o\000\040\000A\000f\000f\000i\000n\000e}{}% 93
\BOOKMARK [1][-]{section.3.1}{\376\377\0003\000.\0001\000\040\000T\000h\000e\000\040\000C\000e\000n\000t\000r\000a\000l\000\040\000D\000i\000s\000t\000i\000n\000c\000t\000i\000o\000n}{chapter.3}% 94
\BOOKMARK [1][-]{section.3.2}{\376\377\0003\000.\0002\000\040\000C\000o\000n\000t\000r\000o\000l\000-\000A\000f\000f\000i\000n\000e\000\040\000S\000t\000r\000u\000c\000t\000u\000r\000e\000\040\000i\000n\000\040\000M\000e\000c\000h\000a\000n\000i\000c\000a\000l\000\040\000S\000y\000s\000t\000e\000m\000s}{chapter.3}% 95
\BOOKMARK [2][-]{subsection.3.2.1}{\376\377\0003\000.\0002\000.\0001\000\040\000T\000h\000e\000\040\000M\000a\000n\000i\000p\000u\000l\000a\000t\000o\000r\000\040\000E\000q\000u\000a\000t\000i\000o\000n}{section.3.2}% 96
\BOOKMARK [2][-]{subsection.3.2.2}{\376\377\0003\000.\0002\000.\0002\000\040\000D\000e\000r\000i\000v\000a\000t\000i\000o\000n\000\040\000o\000f\000\040\000t\000h\000e\000\040\000M\000a\000s\000s\000\040\000M\000a\000t\000r\000i\000x}{section.3.2}% 97
\BOOKMARK [2][-]{subsection.3.2.3}{\376\377\0003\000.\0002\000.\0003\000\040\000C\000o\000n\000n\000e\000c\000t\000i\000o\000n\000\040\000t\000o\000\040\000C\000h\000r\000i\000s\000t\000o\000f\000f\000e\000l\000\040\000S\000y\000m\000b\000o\000l\000s}{section.3.2}% 98
\BOOKMARK [2][-]{subsection.3.2.4}{\376\377\0003\000.\0002\000.\0004\000\040\000S\000o\000l\000v\000i\000n\000g\000\040\000f\000o\000r\000\040\000A\000c\000c\000e\000l\000e\000r\000a\000t\000i\000o\000n\000s}{section.3.2}% 99
\BOOKMARK [1][-]{section.3.3}{\376\377\0003\000.\0003\000\040\000T\000h\000e\000\040\000S\000u\000p\000e\000r\000p\000o\000s\000i\000t\000i\000o\000n\000\040\000T\000h\000e\000o\000r\000e\000m}{chapter.3}% 100
\BOOKMARK [2][-]{subsection.3.3.1}{\376\377\0003\000.\0003\000.\0001\000\040\000D\000e\000c\000o\000m\000p\000o\000s\000i\000n\000g\000\040\000C\000o\000n\000t\000r\000i\000b\000u\000t\000i\000o\000n\000s}{section.3.3}% 101
\BOOKMARK [1][-]{section.3.4}{\376\377\0003\000.\0004\000\040\000T\000h\000r\000e\000e\000\040\000P\000a\000r\000a\000l\000l\000e\000l\000\040\000D\000e\000r\000i\000v\000a\000t\000i\000o\000n\000s}{chapter.3}% 102
\BOOKMARK [2][-]{subsection.3.4.1}{\376\377\0003\000.\0004\000.\0001\000\040\000N\000e\000w\000t\000o\000n\040\023\000E\000u\000l\000e\000r\000\040\000F\000o\000r\000m\000u\000l\000a\000t\000i\000o\000n}{section.3.4}% 103
\BOOKMARK [2][-]{subsection.3.4.2}{\376\377\0003\000.\0004\000.\0002\000\040\000L\000a\000g\000r\000a\000n\000g\000i\000a\000n\000\040\000F\000o\000r\000m\000u\000l\000a\000t\000i\000o\000n}{section.3.4}% 104
\BOOKMARK [2][-]{subsection.3.4.3}{\376\377\0003\000.\0004\000.\0003\000\040\000S\000c\000r\000e\000w\000-\000T\000h\000e\000o\000r\000e\000t\000i\000c\000\040\000F\000o\000r\000m\000u\000l\000a\000t\000i\000o\000n}{section.3.4}% 105
\BOOKMARK [2][-]{subsection.3.4.4}{\376\377\0003\000.\0004\000.\0004\000\040\000S\000t\000r\000u\000c\000t\000u\000r\000a\000l\000\040\000E\000q\000u\000i\000v\000a\000l\000e\000n\000c\000e}{section.3.4}% 106
\BOOKMARK [1][-]{section.3.5}{\376\377\0003\000.\0005\000\040\000E\000n\000e\000r\000g\000y\000\040\000P\000e\000r\000s\000p\000e\000c\000t\000i\000v\000e\000\040\000a\000n\000d\000\040\000P\000o\000w\000e\000r\000\040\000S\000u\000p\000e\000r\000p\000o\000s\000i\000t\000i\000o\000n}{chapter.3}% 107
\BOOKMARK [2][-]{subsection.3.5.1}{\376\377\0003\000.\0005\000.\0001\000\040\000P\000o\000w\000e\000r\000\040\000a\000n\000d\000\040\000t\000h\000e\000\040\000I\000n\000p\000u\000t\000\040\000C\000h\000a\000n\000n\000e\000l\000s}{section.3.5}% 108
\BOOKMARK [2][-]{subsection.3.5.2}{\376\377\0003\000.\0005\000.\0002\000\040\000E\000n\000e\000r\000g\000y\000\040\000F\000l\000o\000w\000\040\000a\000n\000d\000\040\000A\000c\000c\000e\000l\000e\000r\000a\000t\000i\000o\000n\000\040\000C\000o\000n\000t\000r\000i\000b\000u\000t\000i\000o\000n\000s}{section.3.5}% 109
\BOOKMARK [2][-]{subsection.3.5.3}{\376\377\0003\000.\0005\000.\0003\000\040\000C\000o\000m\000p\000l\000e\000m\000e\000n\000t\000a\000r\000y\000\040\000V\000i\000e\000w\000:\000\040\000E\000n\000e\000r\000g\000y\000\040\000S\000t\000a\000b\000i\000l\000i\000t\000y}{section.3.5}% 110
\BOOKMARK [1][-]{section.3.6}{\376\377\0003\000.\0006\000\040\000C\000o\000n\000s\000t\000r\000a\000i\000n\000t\000\040\000F\000o\000r\000c\000e\000s\000\040\000a\000n\000d\000\040\000t\000h\000e\000\040\000C\000o\000n\000t\000r\000o\000l\000-\000A\000f\000f\000i\000n\000e\000\040\000D\000A\000E}{chapter.3}% 111
\BOOKMARK [2][-]{subsection.3.6.1}{\376\377\0003\000.\0006\000.\0001\000\040\000H\000o\000l\000o\000n\000o\000m\000i\000c\000\040\000C\000o\000n\000s\000t\000r\000a\000i\000n\000t\000s\000\040\000a\000n\000d\000\040\000G\000e\000n\000e\000r\000a\000l\000i\000z\000e\000d\000\040\000C\000o\000o\000r\000d\000i\000n\000a\000t\000e\000s}{section.3.6}% 112
\BOOKMARK [2][-]{subsection.3.6.2}{\376\377\0003\000.\0006\000.\0002\000\040\000L\000a\000g\000r\000a\000n\000g\000e\000\040\000M\000u\000l\000t\000i\000p\000l\000i\000e\000r\000s\000\040\000a\000n\000d\000\040\000t\000h\000e\000\040\000D\000A\000E\000\040\000F\000o\000r\000m\000u\000l\000a\000t\000i\000o\000n}{section.3.6}% 113
\BOOKMARK [2][-]{subsection.3.6.3}{\376\377\0003\000.\0006\000.\0003\000\040\000S\000o\000l\000u\000t\000i\000o\000n\000\040\000v\000i\000a\000\040\000N\000u\000l\000l\000-\000S\000p\000a\000c\000e\000\040\000P\000r\000o\000j\000e\000c\000t\000i\000o\000n}{section.3.6}% 114
\BOOKMARK [1][-]{section.3.7}{\376\377\0003\000.\0007\000\040\000C\000o\000n\000c\000r\000e\000t\000e\000\040\000N\000u\000m\000e\000r\000i\000c\000a\000l\000\040\000E\000x\000a\000m\000p\000l\000e\000:\000\040\000P\000e\000n\000d\000u\000l\000u\000m\000\040\000T\000r\000a\000j\000e\000c\000t\000o\000r\000y\000\040\000N\000o\000n\000-\000S\000u\000p\000e\000r\000p\000o\000s\000i\000t\000i\000o\000n}{chapter.3}% 115
\BOOKMARK [2][-]{subsection.3.7.1}{\376\377\0003\000.\0007\000.\0001\000\040\000P\000e\000n\000d\000u\000l\000u\000m\000\040\000D\000y\000n\000a\000m\000i\000c\000s\000\040\000a\000n\000d\000\040\000S\000e\000t\000u\000p}{section.3.7}% 116
\BOOKMARK [2][-]{subsection.3.7.2}{\376\377\0003\000.\0007\000.\0002\000\040\000T\000w\000o\000\040\000S\000c\000e\000n\000a\000r\000i\000o\000s}{section.3.7}% 117
\BOOKMARK [2][-]{subsection.3.7.3}{\376\377\0003\000.\0007\000.\0003\000\040\000T\000r\000a\000j\000e\000c\000t\000o\000r\000y\000\040\000C\000a\000l\000c\000u\000l\000a\000t\000i\000o\000n\000s}{section.3.7}% 118
\BOOKMARK [2][-]{subsection.3.7.4}{\376\377\0003\000.\0007\000.\0004\000\040\000T\000e\000s\000t\000i\000n\000g\000\040\000T\000r\000a\000j\000e\000c\000t\000o\000r\000y\000\040\000S\000u\000p\000e\000r\000p\000o\000s\000i\000t\000i\000o\000n}{section.3.7}% 119
\BOOKMARK [2][-]{subsection.3.7.5}{\376\377\0003\000.\0007\000.\0005\000\040\000W\000h\000y\000\040\000S\000u\000p\000e\000r\000p\000o\000s\000i\000t\000i\000o\000n\000\040\000F\000a\000i\000l\000s}{section.3.7}% 120
\BOOKMARK [1][-]{section.3.8}{\376\377\0003\000.\0008\000\040\000V\000i\000r\000t\000u\000a\000l\000\040\000W\000o\000r\000k\000\040\000P\000r\000i\000n\000c\000i\000p\000l\000e\000\040\000a\000n\000d\000\040\000G\000e\000n\000e\000r\000a\000l\000i\000z\000e\000d\000\040\000F\000o\000r\000c\000e\000s}{chapter.3}% 121
\BOOKMARK [2][-]{subsection.3.8.1}{\376\377\0003\000.\0008\000.\0001\000\040\000C\000l\000a\000s\000s\000i\000c\000a\000l\000\040\000V\000i\000r\000t\000u\000a\000l\000\040\000W\000o\000r\000k\000\040\000P\000r\000i\000n\000c\000i\000p\000l\000e}{section.3.8}% 122
\BOOKMARK [2][-]{subsection.3.8.2}{\376\377\0003\000.\0008\000.\0002\000\040\000L\000i\000n\000e\000a\000r\000i\000t\000y\000\040\000o\000f\000\040\000G\000e\000n\000e\000r\000a\000l\000i\000z\000e\000d\000\040\000F\000o\000r\000c\000e\000s}{section.3.8}% 123
\BOOKMARK [2][-]{subsection.3.8.3}{\376\377\0003\000.\0008\000.\0003\000\040\000D\000'\000A\000l\000e\000m\000b\000e\000r\000t\000\040\000P\000r\000i\000n\000c\000i\000p\000l\000e\000\040\000a\000n\000d\000\040\000C\000o\000n\000t\000r\000o\000l\000-\000A\000f\000f\000i\000n\000e\000\040\000S\000t\000r\000u\000c\000t\000u\000r\000e}{section.3.8}% 124
\BOOKMARK [1][-]{section.3.9}{\376\377\0003\000.\0009\000\040\000E\000x\000p\000a\000n\000d\000e\000d\000\040\000P\000e\000n\000d\000u\000l\000u\000m\000\040\000E\000x\000a\000m\000p\000l\000e\000\040\000w\000i\000t\000h\000\040\000N\000u\000m\000e\000r\000i\000c\000a\000l\000\040\000V\000a\000l\000u\000e\000s}{chapter.3}% 125
\BOOKMARK [2][-]{subsection.3.9.1}{\376\377\0003\000.\0009\000.\0001\000\040\000S\000y\000s\000t\000e\000m\000\040\000P\000a\000r\000a\000m\000e\000t\000e\000r\000s}{section.3.9}% 126
\BOOKMARK [2][-]{subsection.3.9.2}{\376\377\0003\000.\0009\000.\0002\000\040\000E\000q\000u\000a\000t\000i\000o\000n\000\040\000o\000f\000\040\000M\000o\000t\000i\000o\000n}{section.3.9}% 127
\BOOKMARK [2][-]{subsection.3.9.3}{\376\377\0003\000.\0009\000.\0003\000\040\000D\000r\000i\000f\000t\000\040\000A\000c\000c\000e\000l\000e\000r\000a\000t\000i\000o\000n\000\040\000a\000t\000\040\000V\000a\000r\000i\000o\000u\000s\000\040\000S\000t\000a\000t\000e\000s}{section.3.9}% 128
\BOOKMARK [2][-]{subsection.3.9.4}{\376\377\0003\000.\0009\000.\0004\000\040\000I\000n\000p\000u\000t\000\040\000A\000c\000c\000e\000l\000e\000r\000a\000t\000i\000o\000n\000\040\000a\000n\000d\000\040\000D\000e\000c\000o\000m\000p\000o\000s\000i\000t\000i\000o\000n}{section.3.9}% 129
\BOOKMARK [2][-]{subsection.3.9.5}{\376\377\0003\000.\0009\000.\0005\000\040\000I\000n\000s\000t\000a\000n\000t\000a\000n\000e\000o\000u\000s\000\040\000S\000u\000p\000e\000r\000p\000o\000s\000i\000t\000i\000o\000n\000\040\000E\000x\000a\000m\000p\000l\000e}{section.3.9}% 130
\BOOKMARK [2][-]{subsection.3.9.6}{\376\377\0003\000.\0009\000.\0006\000\040\000T\000r\000a\000j\000e\000c\000t\000o\000r\000y\000\040\000E\000v\000o\000l\000u\000t\000i\000o\000n}{section.3.9}% 131
\BOOKMARK [1][-]{section.3.10}{\376\377\0003\000.\0001\0000\000\040\000E\000n\000e\000r\000g\000y\000\040\000M\000e\000t\000h\000o\000d\000s\000\040\000a\000n\000d\000\040\000P\000a\000s\000s\000i\000v\000i\000t\000y}{chapter.3}% 132
\BOOKMARK [2][-]{subsection.3.10.1}{\376\377\0003\000.\0001\0000\000.\0001\000\040\000S\000t\000o\000r\000a\000g\000e\000\040\000F\000u\000n\000c\000t\000i\000o\000n\000s\000\040\000a\000n\000d\000\040\000P\000a\000s\000s\000i\000v\000e\000\040\000S\000y\000s\000t\000e\000m\000s}{section.3.10}% 133
\BOOKMARK [2][-]{subsection.3.10.2}{\376\377\0003\000.\0001\0000\000.\0002\000\040\000M\000e\000c\000h\000a\000n\000i\000c\000a\000l\000\040\000E\000n\000e\000r\000g\000y\000\040\000a\000s\000\040\000S\000t\000o\000r\000a\000g\000e\000\040\000F\000u\000n\000c\000t\000i\000o\000n}{section.3.10}% 134
\BOOKMARK [2][-]{subsection.3.10.3}{\376\377\0003\000.\0001\0000\000.\0003\000\040\000I\000m\000p\000l\000i\000c\000a\000t\000i\000o\000n\000s\000\040\000f\000o\000r\000\040\000C\000o\000n\000t\000r\000o\000l\000\040\000D\000e\000s\000i\000g\000n}{section.3.10}% 135
\BOOKMARK [2][-]{subsection.3.10.4}{\376\377\0003\000.\0001\0000\000.\0004\000\040\000P\000a\000s\000s\000i\000v\000e\000\040\000D\000e\000c\000o\000m\000p\000o\000s\000i\000t\000i\000o\000n\000\040\000o\000f\000\040\000D\000y\000n\000a\000m\000i\000c\000s}{section.3.10}% 136
\BOOKMARK [1][-]{section.3.11}{\376\377\0003\000.\0001\0001\000\040\000W\000h\000e\000n\000\040\000t\000h\000e\000\040\000A\000f\000f\000i\000n\000e\000\040\000S\000t\000r\000u\000c\000t\000u\000r\000e\000\040\000F\000a\000i\000l\000s}{chapter.3}% 137
\BOOKMARK [2][-]{subsection.3.11.1}{\376\377\0003\000.\0001\0001\000.\0001\000\040\000S\000t\000a\000t\000e\000-\000D\000e\000p\000e\000n\000d\000e\000n\000t\000\040\000I\000n\000p\000u\000t\000\040\000C\000o\000n\000s\000t\000r\000a\000i\000n\000t\000s}{section.3.11}% 138
\BOOKMARK [2][-]{subsection.3.11.2}{\376\377\0003\000.\0001\0001\000.\0002\000\040\000A\000c\000t\000u\000a\000t\000o\000r\000\040\000D\000y\000n\000a\000m\000i\000c\000s\000\040\000w\000i\000t\000h\000\040\000C\000o\000u\000p\000l\000i\000n\000g}{section.3.11}% 139
\BOOKMARK [2][-]{subsection.3.11.3}{\376\377\0003\000.\0001\0001\000.\0003\000\040\000F\000r\000i\000c\000t\000i\000o\000n\000\040\000M\000o\000d\000e\000l\000s\000\040\000w\000i\000t\000h\000\040\000S\000i\000g\000n\000\040\000D\000e\000p\000e\000n\000d\000e\000n\000c\000e}{section.3.11}% 140
\BOOKMARK [2][-]{subsection.3.11.4}{\376\377\0003\000.\0001\0001\000.\0004\000\040\000L\000e\000s\000s\000o\000n\000s\000\040\000a\000n\000d\000\040\000M\000i\000t\000i\000g\000a\000t\000i\000o\000n\000\040\000S\000t\000r\000a\000t\000e\000g\000i\000e\000s}{section.3.11}% 141
\BOOKMARK [1][-]{section.3.12}{\376\377\0003\000.\0001\0002\000\040\000C\000h\000a\000p\000t\000e\000r\000\040\000S\000u\000m\000m\000a\000r\000y}{chapter.3}% 142
\BOOKMARK [0][-]{chapter.4}{\376\377\0004\000\040\000C\000o\000n\000t\000r\000a\000c\000t\000i\000o\000n\000\040\000T\000h\000e\000o\000r\000y\000\040\000a\000n\000d\000\040\000M\000e\000t\000r\000i\000c\000\040\000C\000e\000r\000t\000i\000f\000i\000c\000a\000t\000e\000s}{}% 143
\BOOKMARK [1][-]{section.4.1}{\376\377\0004\000.\0001\000\040\000H\000i\000s\000t\000o\000r\000i\000c\000a\000l\000\040\000C\000o\000n\000t\000e\000x\000t\000\040\000a\000n\000d\000\040\000t\000h\000e\000\040\000S\000h\000i\000f\000t\000\040\000t\000o\000\040\000T\000r\000a\000j\000e\000c\000t\000o\000r\000y\000\040\000S\000t\000a\000b\000i\000l\000i\000t\000y}{chapter.4}% 144
\BOOKMARK [2][-]{subsection.4.1.1}{\376\377\0004\000.\0001\000.\0001\000\040\000F\000r\000o\000m\000\040\000L\000y\000a\000p\000u\000n\000o\000v\000\040\000P\000o\000i\000n\000t\000\040\000S\000t\000a\000b\000i\000l\000i\000t\000y\000\040\000t\000o\000\040\000T\000r\000a\000j\000e\000c\000t\000o\000r\000y\000\040\000C\000o\000n\000v\000e\000r\000g\000e\000n\000c\000e}{section.4.1}% 145
\BOOKMARK [2][-]{subsection.4.1.2}{\376\377\0004\000.\0001\000.\0002\000\040\000T\000h\000e\000\040\000L\000o\000h\000m\000i\000l\000l\000e\000r\040\023\000S\000l\000o\000t\000i\000n\000e\000\040\000F\000r\000a\000m\000e\000w\000o\000r\000k\000\040\000\050\0001\0009\0009\0008\000\051}{section.4.1}% 146
\BOOKMARK [2][-]{subsection.4.1.3}{\376\377\0004\000.\0001\000.\0003\000\040\000D\000e\000m\000i\000d\000o\000v\000i\000c\000h\000'\000s\000\040\000C\000o\000n\000d\000i\000t\000i\000o\000n\000\040\000\050\0001\0009\0006\0001\000\051\000:\000\040\000A\000n\000\040\000H\000i\000s\000t\000o\000r\000i\000c\000a\000l\000\040\000P\000r\000e\000c\000u\000r\000s\000o\000r}{section.4.1}% 147
\BOOKMARK [2][-]{subsection.4.1.4}{\376\377\0004\000.\0001\000.\0004\000\040\000C\000o\000n\000n\000e\000c\000t\000i\000o\000n\000\040\000t\000o\000\040\000M\000o\000d\000e\000r\000n\000\040\000R\000e\000s\000e\000a\000r\000c\000h}{section.4.1}% 148
\BOOKMARK [1][-]{section.4.2}{\376\377\0004\000.\0002\000\040\000F\000r\000o\000m\000\040\000E\000q\000u\000i\000l\000i\000b\000r\000i\000u\000m\000\040\000S\000t\000a\000b\000i\000l\000i\000t\000y\000\040\000t\000o\000\040\000T\000r\000a\000j\000e\000c\000t\000o\000r\000y\000\040\000S\000t\000a\000b\000i\000l\000i\000t\000y}{chapter.4}% 149
\BOOKMARK [1][-]{section.4.3}{\376\377\0004\000.\0003\000\040\000T\000h\000e\000\040\000C\000o\000n\000t\000r\000a\000c\000t\000i\000o\000n\000\040\000C\000o\000n\000d\000i\000t\000i\000o\000n}{chapter.4}% 150
\BOOKMARK [1][-]{section.4.4}{\376\377\0004\000.\0004\000\040\000C\000o\000m\000p\000l\000e\000t\000e\000\040\000P\000r\000o\000o\000f\000\040\000o\000f\000\040\000E\000x\000p\000o\000n\000e\000n\000t\000i\000a\000l\000\040\000C\000o\000n\000v\000e\000r\000g\000e\000n\000c\000e}{chapter.4}% 151
\BOOKMARK [1][-]{section.4.5}{\376\377\0004\000.\0005\000\040\000T\000h\000e\000\040\000I\000d\000e\000n\000t\000i\000t\000y\000\040\000M\000e\000t\000r\000i\000c\000:\000\040\000S\000y\000m\000m\000e\000t\000r\000i\000c\000\040\000J\000a\000c\000o\000b\000i\000a\000n\000\040\000C\000o\000n\000d\000i\000t\000i\000o\000n}{chapter.4}% 152
\BOOKMARK [1][-]{section.4.6}{\376\377\0004\000.\0006\000\040\000W\000o\000r\000k\000e\000d\000\040\000E\000x\000a\000m\000p\000l\000e\000:\000\040\000A\000\040\000S\000i\000m\000p\000l\000e\000\040\000L\000i\000n\000e\000a\000r\000\040\000S\000y\000s\000t\000e\000m}{chapter.4}% 153
\BOOKMARK [2][-]{subsection.4.6.1}{\376\377\0004\000.\0006\000.\0001\000\040\000P\000r\000o\000b\000l\000e\000m\000\040\000S\000e\000t\000u\000p}{section.4.6}% 154
\BOOKMARK [2][-]{subsection.4.6.2}{\376\377\0004\000.\0006\000.\0002\000\040\000C\000h\000e\000c\000k\000i\000n\000g\000\040\000t\000h\000e\000\040\000S\000y\000m\000m\000e\000t\000r\000i\000c\000\040\000J\000a\000c\000o\000b\000i\000a\000n}{section.4.6}% 155
\BOOKMARK [2][-]{subsection.4.6.3}{\376\377\0004\000.\0006\000.\0003\000\040\000F\000i\000n\000d\000i\000n\000g\000\040\000t\000h\000e\000\040\000C\000o\000n\000t\000r\000a\000c\000t\000i\000o\000n\000\040\000M\000e\000t\000r\000i\000c\000\040\000v\000i\000a\000\040\000t\000h\000e\000\040\000L\000y\000a\000p\000u\000n\000o\000v\000\040\000E\000q\000u\000a\000t\000i\000o\000n}{section.4.6}% 156
\BOOKMARK [1][-]{section.4.7}{\376\377\0004\000.\0007\000\040\000P\000a\000r\000t\000i\000a\000l\000\040\000C\000o\000n\000t\000r\000a\000c\000t\000i\000o\000n\000:\000\040\000H\000i\000e\000r\000a\000r\000c\000h\000i\000c\000a\000l\000\040\000S\000t\000r\000u\000c\000t\000u\000r\000e}{chapter.4}% 157
\BOOKMARK [2][-]{subsection.4.7.1}{\376\377\0004\000.\0007\000.\0001\000\040\000W\000h\000e\000n\000\040\000N\000o\000t\000\040\000A\000l\000l\000\040\000D\000i\000r\000e\000c\000t\000i\000o\000n\000s\000\040\000C\000o\000n\000t\000r\000a\000c\000t}{section.4.7}% 158
\BOOKMARK [2][-]{subsection.4.7.2}{\376\377\0004\000.\0007\000.\0002\000\040\000T\000h\000e\000\040\000H\000i\000e\000r\000a\000r\000c\000h\000i\000c\000a\000l\000\040\000C\000o\000n\000t\000r\000a\000c\000t\000i\000o\000n\000\040\000T\000h\000e\000o\000r\000e\000m}{section.4.7}% 159
\BOOKMARK [1][-]{section.4.8}{\376\377\0004\000.\0008\000\040\000C\000o\000n\000t\000r\000o\000l\000\040\000C\000o\000n\000t\000r\000a\000c\000t\000i\000o\000n\000\040\000M\000e\000t\000r\000i\000c\000s\000:\000\040\000D\000e\000s\000i\000g\000n\000\040\000a\000n\000d\000\040\000D\000u\000a\000l\000i\000t\000y}{chapter.4}% 160
\BOOKMARK [2][-]{subsection.4.8.1}{\376\377\0004\000.\0008\000.\0001\000\040\000F\000e\000e\000d\000b\000a\000c\000k\000\040\000D\000e\000s\000i\000g\000n\000\040\000U\000n\000d\000e\000r\000\040\000C\000o\000n\000t\000r\000a\000c\000t\000i\000o\000n}{section.4.8}% 161
\BOOKMARK [2][-]{subsection.4.8.2}{\376\377\0004\000.\0008\000.\0002\000\040\000T\000h\000e\000\040\000D\000u\000a\000l\000\040\000F\000o\000r\000m\000u\000l\000a\000t\000i\000o\000n\000:\000\040\000W\000\040\000=\000\040\000M\000\040\000i\000n\000v\000e\000r\000s\000e}{section.4.8}% 162
\BOOKMARK [2][-]{subsection.4.8.3}{\376\377\0004\000.\0008\000.\0003\000\040\000P\000o\000i\000n\000t\000w\000i\000s\000e\000\040\000L\000M\000I\000\040\000f\000o\000r\000\040\000F\000e\000e\000d\000b\000a\000c\000k\000\040\000S\000y\000n\000t\000h\000e\000s\000i\000s}{section.4.8}% 163
\BOOKMARK [2][-]{subsection.4.8.4}{\376\377\0004\000.\0008\000.\0004\000\040\000C\000o\000m\000p\000u\000t\000a\000t\000i\000o\000n\000a\000l\000\040\000A\000p\000p\000r\000o\000a\000c\000h\000e\000s}{section.4.8}% 164
\BOOKMARK [1][-]{section.4.9}{\376\377\0004\000.\0009\000\040\000D\000i\000s\000c\000r\000e\000t\000e\000-\000T\000i\000m\000e\000\040\000C\000o\000n\000t\000r\000a\000c\000t\000i\000o\000n}{chapter.4}% 165
\BOOKMARK [2][-]{subsection.4.9.1}{\376\377\0004\000.\0009\000.\0001\000\040\000D\000i\000s\000c\000r\000e\000t\000e\000\040\000C\000o\000n\000t\000r\000a\000c\000t\000i\000o\000n\000\040\000C\000o\000n\000d\000i\000t\000i\000o\000n}{section.4.9}% 166
\BOOKMARK [2][-]{subsection.4.9.2}{\376\377\0004\000.\0009\000.\0002\000\040\000C\000o\000n\000n\000e\000c\000t\000i\000o\000n\000\040\000t\000o\000\040\000R\000i\000c\000c\000a\000t\000i\000\040\000A\000n\000a\000l\000y\000s\000i\000s}{section.4.9}% 167
\BOOKMARK [1][-]{section.4.10}{\376\377\0004\000.\0001\0000\000\040\000N\000u\000m\000e\000r\000i\000c\000a\000l\000\040\000E\000x\000a\000m\000p\000l\000e\000:\000\040\000V\000a\000n\000\040\000d\000e\000r\000\040\000P\000o\000l\000\040\000O\000s\000c\000i\000l\000l\000a\000t\000o\000r}{chapter.4}% 168
\BOOKMARK [2][-]{subsection.4.10.1}{\376\377\0004\000.\0001\0000\000.\0001\000\040\000S\000y\000s\000t\000e\000m\000\040\000D\000e\000s\000c\000r\000i\000p\000t\000i\000o\000n}{section.4.10}% 169
\BOOKMARK [2][-]{subsection.4.10.2}{\376\377\0004\000.\0001\0000\000.\0002\000\040\000M\000e\000t\000r\000i\000c\000\040\000S\000y\000n\000t\000h\000e\000s\000i\000s\000\040\000v\000i\000a\000\040\000P\000a\000r\000a\000m\000e\000t\000e\000r\000i\000z\000a\000t\000i\000o\000n}{section.4.10}% 170
\BOOKMARK [2][-]{subsection.4.10.3}{\376\377\0004\000.\0001\0000\000.\0003\000\040\000S\000o\000l\000u\000t\000i\000o\000n\000\040\000S\000t\000r\000a\000t\000e\000g\000y}{section.4.10}% 171
\BOOKMARK [1][-]{section.4.11}{\376\377\0004\000.\0001\0001\000\040\000R\000o\000b\000u\000s\000t\000n\000e\000s\000s\000\040\000M\000a\000r\000g\000i\000n\000s\000\040\000f\000r\000o\000m\000\040\000C\000o\000n\000t\000r\000a\000c\000t\000i\000o\000n}{chapter.4}% 172
\BOOKMARK [2][-]{subsection.4.11.1}{\376\377\0004\000.\0001\0001\000.\0001\000\040\000D\000i\000s\000t\000u\000r\000b\000a\000n\000c\000e\000\040\000A\000t\000t\000e\000n\000u\000a\000t\000i\000o\000n\000\040\000v\000i\000a\000\040\000C\000o\000n\000t\000r\000a\000c\000t\000i\000o\000n\000\040\000R\000a\000t\000e}{section.4.11}% 173
\BOOKMARK [2][-]{subsection.4.11.2}{\376\377\0004\000.\0001\0001\000.\0002\000\040\000P\000r\000a\000c\000t\000i\000c\000a\000l\000\040\000I\000m\000p\000l\000i\000c\000a\000t\000i\000o\000n\000s}{section.4.11}% 174
\BOOKMARK [1][-]{section.4.12}{\376\377\0004\000.\0001\0002\000\040\000I\000n\000c\000r\000e\000m\000e\000n\000t\000a\000l\000\040\000I\000n\000p\000u\000t\000-\000t\000o\000-\000S\000t\000a\000t\000e\000\040\000S\000t\000a\000b\000i\000l\000i\000t\000y\000\040\000\050\000I\000S\000S\000\051}{chapter.4}% 175
\BOOKMARK [2][-]{subsection.4.12.1}{\376\377\0004\000.\0001\0002\000.\0001\000\040\000I\000S\000S\000\040\000v\000s\000.\000\040\000C\000o\000n\000t\000r\000a\000c\000t\000i\000o\000n}{section.4.12}% 176
\BOOKMARK [1][-]{section.4.13}{\376\377\0004\000.\0001\0003\000\040\000E\000x\000t\000e\000n\000d\000e\000d\000\040\000L\000y\000a\000p\000u\000n\000o\000v\000\040\000C\000o\000m\000p\000a\000r\000i\000s\000o\000n}{chapter.4}% 177
\BOOKMARK [2][-]{subsection.4.13.1}{\376\377\0004\000.\0001\0003\000.\0001\000\040\000U\000n\000i\000f\000i\000e\000d\000\040\000P\000e\000r\000s\000p\000e\000c\000t\000i\000v\000e}{section.4.13}% 178
\BOOKMARK [2][-]{subsection.4.13.2}{\376\377\0004\000.\0001\0003\000.\0002\000\040\000F\000o\000r\000m\000a\000l\000\040\000R\000e\000l\000a\000t\000i\000o\000n\000s\000h\000i\000p\000s}{section.4.13}% 179
\BOOKMARK [1][-]{section.4.14}{\376\377\0004\000.\0001\0004\000\040\000C\000h\000a\000p\000t\000e\000r\000\040\000S\000u\000m\000m\000a\000r\000y}{chapter.4}% 180
\BOOKMARK [0][-]{chapter.5}{\376\377\0005\000\040\000L\000o\000c\000a\000l\000\040\000O\000p\000t\000i\000m\000a\000l\000\040\000C\000o\000n\000t\000r\000o\000l\000:\000\040\000L\000Q\000R\000,\000\040\000D\000D\000P\000,\000\040\000a\000n\000d\000\040\000R\000i\000c\000c\000a\000t\000i}{}% 181
\BOOKMARK [1][-]{section.5.1}{\376\377\0005\000.\0001\000\040\000H\000i\000s\000t\000o\000r\000i\000c\000a\000l\000\040\000C\000o\000n\000t\000e\000x\000t\000:\000\040\000F\000r\000o\000m\000\040\000B\000e\000l\000l\000m\000a\000n\000\040\000t\000o\000\040\000M\000o\000d\000e\000r\000n\000\040\000D\000D\000P}{chapter.5}% 182
\BOOKMARK [2][-]{subsection.5.1.1}{\376\377\0005\000.\0001\000.\0001\000\040\000B\000e\000l\000l\000m\000a\000n\000'\000s\000\040\000D\000y\000n\000a\000m\000i\000c\000\040\000P\000r\000o\000g\000r\000a\000m\000m\000i\000n\000g\000\040\000\050\0001\0009\0005\0007\000\051}{section.5.1}% 183
\BOOKMARK [2][-]{subsection.5.1.2}{\376\377\0005\000.\0001\000.\0002\000\040\000P\000o\000n\000t\000r\000y\000a\000g\000i\000n\000'\000s\000\040\000M\000a\000x\000i\000m\000u\000m\000\040\000P\000r\000i\000n\000c\000i\000p\000l\000e\000\040\000\050\0001\0009\0006\0002\000\051}{section.5.1}% 184
\BOOKMARK [2][-]{subsection.5.1.3}{\376\377\0005\000.\0001\000.\0003\000\040\000J\000a\000c\000o\000b\000s\000o\000n\000\040\000a\000n\000d\000\040\000M\000a\000y\000n\000e\000'\000s\000\040\000D\000i\000f\000f\000e\000r\000e\000n\000t\000i\000a\000l\000\040\000D\000y\000n\000a\000m\000i\000c\000\040\000P\000r\000o\000g\000r\000a\000m\000m\000i\000n\000g\000\040\000\050\0001\0009\0007\0000\000\051}{section.5.1}% 185
\BOOKMARK [2][-]{subsection.5.1.4}{\376\377\0005\000.\0001\000.\0004\000\040\000C\000o\000n\000n\000e\000c\000t\000i\000o\000n\000\040\000t\000o\000\040\000N\000e\000w\000t\000o\000n\000'\000s\000\040\000M\000e\000t\000h\000o\000d\000\040\000i\000n\000\040\000F\000u\000n\000c\000t\000i\000o\000n\000\040\000S\000p\000a\000c\000e}{section.5.1}% 186
\BOOKMARK [1][-]{section.5.2}{\376\377\0005\000.\0002\000\040\000T\000h\000e\000\040\000L\000o\000c\000a\000l\000\040\000Q\000u\000a\000d\000r\000a\000t\000i\000c\000\040\000S\000u\000b\000p\000r\000o\000b\000l\000e\000m}{chapter.5}% 187
\BOOKMARK [2][-]{subsection.5.2.1}{\376\377\0005\000.\0002\000.\0001\000\040\000E\000x\000p\000a\000n\000d\000i\000n\000g\000\040\000N\000o\000n\000l\000i\000n\000e\000a\000r\000\040\000C\000o\000s\000t\000s}{section.5.2}% 188
\BOOKMARK [2][-]{subsection.5.2.2}{\376\377\0005\000.\0002\000.\0002\000\040\000V\000a\000r\000i\000a\000t\000i\000o\000n\000a\000l\000\040\000D\000y\000n\000a\000m\000i\000c\000s}{section.5.2}% 189
\BOOKMARK [2][-]{subsection.5.2.3}{\376\377\0005\000.\0002\000.\0003\000\040\000T\000h\000e\000\040\000F\000u\000l\000l\000\040\000Q\000-\000F\000u\000n\000c\000t\000i\000o\000n}{section.5.2}% 190
\BOOKMARK [2][-]{subsection.5.2.4}{\376\377\0005\000.\0002\000.\0004\000\040\000I\000n\000t\000u\000i\000t\000i\000o\000n\000:\000\040\000H\000e\000s\000s\000i\000a\000n\000\040\000C\000u\000r\000v\000a\000t\000u\000r\000e\000\040\000a\000s\000\040\000C\000o\000n\000t\000r\000o\000l\000\040\000S\000e\000n\000s\000i\000t\000i\000v\000i\000t\000y}{section.5.2}% 191
\BOOKMARK [1][-]{section.5.3}{\376\377\0005\000.\0003\000\040\000T\000h\000e\000\040\000D\000i\000s\000c\000r\000e\000t\000e\000\040\000R\000i\000c\000c\000a\000t\000i\000\040\000R\000e\000c\000u\000r\000s\000i\000o\000n}{chapter.5}% 192
\BOOKMARK [2][-]{subsection.5.3.1}{\376\377\0005\000.\0003\000.\0001\000\040\000D\000e\000r\000i\000v\000a\000t\000i\000o\000n\000\040\000f\000r\000o\000m\000\040\000t\000h\000e\000\040\000Q\000-\000F\000u\000n\000c\000t\000i\000o\000n}{section.5.3}% 193
\BOOKMARK [2][-]{subsection.5.3.2}{\376\377\0005\000.\0003\000.\0002\000\040\000T\000h\000e\000\040\000i\000L\000Q\000R\000\040\000S\000i\000m\000p\000l\000i\000f\000i\000c\000a\000t\000i\000o\000n}{section.5.3}% 194
\BOOKMARK [2][-]{subsection.5.3.3}{\376\377\0005\000.\0003\000.\0003\000\040\000T\000h\000e\000\040\000Q\000u\000a\000d\000r\000a\000t\000i\000c\000\040\000F\000o\000r\000m\000\040\000I\000d\000e\000n\000t\000i\000t\000y}{section.5.3}% 195
\BOOKMARK [1][-]{section.5.4}{\376\377\0005\000.\0004\000\040\000D\000i\000f\000f\000e\000r\000e\000n\000t\000i\000a\000l\000\040\000D\000y\000n\000a\000m\000i\000c\000\040\000P\000r\000o\000g\000r\000a\000m\000m\000i\000n\000g\000\040\000\050\000D\000D\000P\000\051}{chapter.5}% 196
\BOOKMARK [2][-]{subsection.5.4.1}{\376\377\0005\000.\0004\000.\0001\000\040\000T\000h\000e\000\040\000D\000D\000P\000\040\000A\000l\000g\000o\000r\000i\000t\000h\000m}{section.5.4}% 197
\BOOKMARK [2][-]{subsection.5.4.2}{\376\377\0005\000.\0004\000.\0002\000\040\000i\000L\000Q\000R\000\040\000V\000a\000r\000i\000a\000n\000t}{section.5.4}% 198
\BOOKMARK [2][-]{subsection.5.4.3}{\376\377\0005\000.\0004\000.\0003\000\040\000K\000e\000y\000\040\000O\000b\000s\000e\000r\000v\000a\000t\000i\000o\000n\000s}{section.5.4}% 199
\BOOKMARK [1][-]{section.5.5}{\376\377\0005\000.\0005\000\040\000C\000o\000n\000v\000e\000r\000g\000e\000n\000c\000e\000\040\000A\000n\000a\000l\000y\000s\000i\000s\000:\000\040\000D\000D\000P\000\040\000a\000s\000\040\000N\000e\000w\000t\000o\000n\000'\000s\000\040\000M\000e\000t\000h\000o\000d}{chapter.5}% 200
\BOOKMARK [2][-]{subsection.5.5.1}{\376\377\0005\000.\0005\000.\0001\000\040\000T\000h\000e\000\040\000T\000r\000a\000j\000e\000c\000t\000o\000r\000y\000\040\000O\000p\000t\000i\000m\000i\000z\000a\000t\000i\000o\000n\000\040\000K\000K\000T\000\040\000C\000o\000n\000d\000i\000t\000i\000o\000n\000s}{section.5.5}% 201
\BOOKMARK [2][-]{subsection.5.5.2}{\376\377\0005\000.\0005\000.\0002\000\040\000N\000e\000w\000t\000o\000n\000'\000s\000\040\000M\000e\000t\000h\000o\000d\000\040\000A\000p\000p\000l\000i\000e\000d\000\040\000t\000o\000\040\000K\000K\000T\000\040\000C\000o\000n\000d\000i\000t\000i\000o\000n\000s}{section.5.5}% 202
\BOOKMARK [2][-]{subsection.5.5.3}{\376\377\0005\000.\0005\000.\0003\000\040\000L\000o\000c\000a\000l\000\040\000Q\000u\000a\000d\000r\000a\000t\000i\000c\000\040\000C\000o\000n\000v\000e\000r\000g\000e\000n\000c\000e}{section.5.5}% 203
\BOOKMARK [1][-]{section.5.6}{\376\377\0005\000.\0006\000\040\000W\000o\000r\000k\000e\000d\000\040\000N\000u\000m\000e\000r\000i\000c\000a\000l\000\040\000E\000x\000a\000m\000p\000l\000e\000:\000\040\000I\000n\000v\000e\000r\000t\000e\000d\000\040\000P\000e\000n\000d\000u\000l\000u\000m\000\040\000S\000w\000i\000n\000g\000-\000U\000p}{chapter.5}% 204
\BOOKMARK [2][-]{subsection.5.6.1}{\376\377\0005\000.\0006\000.\0001\000\040\000S\000y\000s\000t\000e\000m\000\040\000M\000o\000d\000e\000l}{section.5.6}% 205
\BOOKMARK [2][-]{subsection.5.6.2}{\376\377\0005\000.\0006\000.\0002\000\040\000C\000o\000s\000t\000\040\000F\000u\000n\000c\000t\000i\000o\000n}{section.5.6}% 206
\BOOKMARK [2][-]{subsection.5.6.3}{\376\377\0005\000.\0006\000.\0003\000\040\000D\000D\000P\000\040\000I\000t\000e\000r\000a\000t\000i\000o\000n\000s}{section.5.6}% 207
\BOOKMARK [2][-]{subsection.5.6.4}{\376\377\0005\000.\0006\000.\0004\000\040\000F\000e\000e\000d\000b\000a\000c\000k\000\040\000G\000a\000i\000n\000s\000\040\000a\000n\000d\000\040\000C\000l\000o\000s\000e\000d\000-\000L\000o\000o\000p\000\040\000P\000e\000r\000f\000o\000r\000m\000a\000n\000c\000e}{section.5.6}% 208
\BOOKMARK [1][-]{section.5.7}{\376\377\0005\000.\0007\000\040\000C\000o\000n\000s\000t\000r\000a\000i\000n\000t\000\040\000H\000a\000n\000d\000l\000i\000n\000g}{chapter.5}% 209
\BOOKMARK [2][-]{subsection.5.7.1}{\376\377\0005\000.\0007\000.\0001\000\040\000C\000o\000n\000t\000r\000o\000l\000\040\000B\000o\000u\000n\000d\000s\000\040\000v\000i\000a\000\040\000C\000l\000a\000m\000p\000i\000n\000g}{section.5.7}% 210
\BOOKMARK [2][-]{subsection.5.7.2}{\376\377\0005\000.\0007\000.\0002\000\040\000S\000t\000a\000t\000e\000\040\000C\000o\000n\000s\000t\000r\000a\000i\000n\000t\000s\000\040\000v\000i\000a\000\040\000P\000e\000n\000a\000l\000t\000y\000\040\000M\000e\000t\000h\000o\000d\000s}{section.5.7}% 211
\BOOKMARK [2][-]{subsection.5.7.3}{\376\377\0005\000.\0007\000.\0003\000\040\000B\000a\000r\000r\000i\000e\000r\000\040\000F\000u\000n\000c\000t\000i\000o\000n\000s\000\040\000a\000n\000d\000\040\000T\000r\000u\000s\000t\000\040\000R\000e\000g\000i\000o\000n\000s}{section.5.7}% 212
\BOOKMARK [1][-]{section.5.8}{\376\377\0005\000.\0008\000\040\000R\000e\000g\000u\000l\000a\000r\000i\000z\000a\000t\000i\000o\000n\000\040\000a\000n\000d\000\040\000A\000d\000a\000p\000t\000i\000v\000e\000\040\000D\000a\000m\000p\000i\000n\000g}{chapter.5}% 213
\BOOKMARK [2][-]{subsection.5.8.1}{\376\377\0005\000.\0008\000.\0001\000\040\000L\000e\000v\000e\000n\000b\000e\000r\000g\000-\000M\000a\000r\000q\000u\000a\000r\000d\000t\000\040\000I\000n\000t\000e\000r\000p\000r\000e\000t\000a\000t\000i\000o\000n}{section.5.8}% 214
\BOOKMARK [2][-]{subsection.5.8.2}{\376\377\0005\000.\0008\000.\0002\000\040\000A\000d\000a\000p\000t\000i\000v\000e\000\040\000R\000e\000g\000u\000l\000a\000r\000i\000z\000a\000t\000i\000o\000n\000\040\000S\000c\000h\000e\000d\000u\000l\000e}{section.5.8}% 215
\BOOKMARK [2][-]{subsection.5.8.3}{\376\377\0005\000.\0008\000.\0003\000\040\000E\000x\000p\000e\000c\000t\000e\000d\000\040\000v\000s\000\040\000A\000c\000t\000u\000a\000l\000\040\000C\000o\000s\000t\000\040\000R\000e\000d\000u\000c\000t\000i\000o\000n}{section.5.8}% 216
\BOOKMARK [1][-]{section.5.9}{\376\377\0005\000.\0009\000\040\000C\000o\000s\000t\000\040\000W\000e\000i\000g\000h\000t\000\040\000S\000e\000l\000e\000c\000t\000i\000o\000n}{chapter.5}% 217
\BOOKMARK [2][-]{subsection.5.9.1}{\376\377\0005\000.\0009\000.\0001\000\040\000P\000h\000y\000s\000i\000c\000a\000l\000\040\000N\000o\000r\000m\000a\000l\000i\000z\000a\000t\000i\000o\000n\000\040\000\050\000B\000r\000y\000s\000o\000n\000'\000s\000\040\000R\000u\000l\000e\000\051}{section.5.9}% 218
\BOOKMARK [2][-]{subsection.5.9.2}{\376\377\0005\000.\0009\000.\0002\000\040\000F\000r\000e\000q\000u\000e\000n\000c\000y\000-\000D\000o\000m\000a\000i\000n\000\040\000I\000n\000t\000e\000r\000p\000r\000e\000t\000a\000t\000i\000o\000n}{section.5.9}% 219
\BOOKMARK [2][-]{subsection.5.9.3}{\376\377\0005\000.\0009\000.\0003\000\040\000T\000u\000n\000i\000n\000g\000\040\000i\000n\000\040\000P\000r\000a\000c\000t\000i\000c\000e}{section.5.9}% 220
\BOOKMARK [1][-]{section.5.10}{\376\377\0005\000.\0001\0000\000\040\000i\000L\000Q\000R\000\040\000v\000s\000\040\000F\000u\000l\000l\000\040\000D\000D\000P\000:\000\040\000C\000o\000m\000p\000u\000t\000a\000t\000i\000o\000n\000a\000l\000\040\000T\000r\000a\000d\000e\000-\000o\000f\000f\000s}{chapter.5}% 221
\BOOKMARK [2][-]{subsection.5.10.1}{\376\377\0005\000.\0001\0000\000.\0001\000\040\000C\000o\000m\000p\000u\000t\000a\000t\000i\000o\000n\000a\000l\000\040\000C\000o\000m\000p\000l\000e\000x\000i\000t\000y}{section.5.10}% 222
\BOOKMARK [2][-]{subsection.5.10.2}{\376\377\0005\000.\0001\0000\000.\0002\000\040\000W\000h\000e\000n\000\040\000S\000e\000c\000o\000n\000d\000-\000O\000r\000d\000e\000r\000\040\000T\000e\000r\000m\000s\000\040\000M\000a\000t\000t\000e\000r}{section.5.10}% 223
\BOOKMARK [1][-]{section.5.11}{\376\377\0005\000.\0001\0001\000\040\000C\000o\000n\000t\000i\000n\000u\000o\000u\000s\000-\000T\000i\000m\000e\000\040\000F\000o\000r\000m\000u\000l\000a\000t\000i\000o\000n}{chapter.5}% 224
\BOOKMARK [2][-]{subsection.5.11.1}{\376\377\0005\000.\0001\0001\000.\0001\000\040\000H\000a\000m\000i\000l\000t\000o\000n\000-\000J\000a\000c\000o\000b\000i\000-\000B\000e\000l\000l\000m\000a\000n\000\040\000E\000q\000u\000a\000t\000i\000o\000n}{section.5.11}% 225
\BOOKMARK [2][-]{subsection.5.11.2}{\376\377\0005\000.\0001\0001\000.\0002\000\040\000D\000i\000f\000f\000e\000r\000e\000n\000t\000i\000a\000l\000\040\000R\000i\000c\000c\000a\000t\000i\000\040\000E\000q\000u\000a\000t\000i\000o\000n\000\040\000\050\000D\000R\000E\000\051}{section.5.11}% 226
\BOOKMARK [2][-]{subsection.5.11.3}{\376\377\0005\000.\0001\0001\000.\0003\000\040\000A\000l\000g\000e\000b\000r\000a\000i\000c\000\040\000R\000i\000c\000c\000a\000t\000i\000\040\000E\000q\000u\000a\000t\000i\000o\000n\000\040\000\050\000A\000R\000E\000\051}{section.5.11}% 227
\BOOKMARK [2][-]{subsection.5.11.4}{\376\377\0005\000.\0001\0001\000.\0004\000\040\000P\000o\000n\000t\000r\000y\000a\000g\000i\000n\000'\000s\000\040\000M\000i\000n\000i\000m\000u\000m\000\040\000P\000r\000i\000n\000c\000i\000p\000l\000e\000\040\000i\000n\000\040\000C\000o\000n\000t\000i\000n\000u\000o\000u\000s\000\040\000T\000i\000m\000e}{section.5.11}% 228
\BOOKMARK [1][-]{section.5.12}{\376\377\0005\000.\0001\0002\000\040\000P\000r\000a\000c\000t\000i\000c\000a\000l\000\040\000C\000o\000n\000s\000i\000d\000e\000r\000a\000t\000i\000o\000n\000s}{chapter.5}% 229
\BOOKMARK [2][-]{subsection.5.12.1}{\376\377\0005\000.\0001\0002\000.\0001\000\040\000R\000e\000g\000u\000l\000a\000r\000i\000z\000a\000t\000i\000o\000n\000\040\000R\000e\000v\000i\000s\000i\000t\000e\000d}{section.5.12}% 230
\BOOKMARK [2][-]{subsection.5.12.2}{\376\377\0005\000.\0001\0002\000.\0002\000\040\000L\000i\000n\000e\000\040\000S\000e\000a\000r\000c\000h}{section.5.12}% 231
\BOOKMARK [2][-]{subsection.5.12.3}{\376\377\0005\000.\0001\0002\000.\0003\000\040\000C\000o\000n\000v\000e\000r\000g\000e\000n\000c\000e\000\040\000P\000r\000o\000p\000e\000r\000t\000i\000e\000s}{section.5.12}% 232
\BOOKMARK [1][-]{section.5.13}{\376\377\0005\000.\0001\0003\000\040\000C\000h\000a\000p\000t\000e\000r\000\040\000S\000u\000m\000m\000a\000r\000y}{chapter.5}% 233
\BOOKMARK [0][-]{chapter.6}{\376\377\0006\000\040\000T\000h\000e\000\040\000S\000t\000a\000b\000i\000l\000i\000t\000y\040\023\000O\000p\000t\000i\000m\000a\000l\000i\000t\000y\000\040\000D\000u\000a\000l\000i\000t\000y}{}% 234
\BOOKMARK [1][-]{section.6.1}{\376\377\0006\000.\0001\000\040\000T\000h\000e\000\040\000C\000e\000n\000t\000r\000a\000l\000\040\000B\000r\000i\000d\000g\000e}{chapter.6}% 235
\BOOKMARK [1][-]{section.6.2}{\376\377\0006\000.\0002\000\040\000H\000i\000s\000t\000o\000r\000i\000c\000a\000l\000\040\000C\000o\000n\000t\000e\000x\000t\000:\000\040\000D\000i\000s\000c\000o\000v\000e\000r\000i\000n\000g\000\040\000t\000h\000e\000\040\000D\000u\000a\000l\000i\000t\000y}{chapter.6}% 236
\BOOKMARK [2][-]{subsection.6.2.1}{\376\377\0006\000.\0002\000.\0001\000\040\000K\000a\000l\000m\000a\000n\000'\000s\000\040\000I\000n\000s\000i\000g\000h\000t\000\040\000\050\0001\0009\0006\0000\000\051}{section.6.2}% 237
\BOOKMARK [2][-]{subsection.6.2.2}{\376\377\0006\000.\0002\000.\0002\000\040\000D\000i\000s\000s\000i\000p\000a\000t\000i\000o\000n\000\040\000I\000n\000e\000q\000u\000a\000l\000i\000t\000i\000e\000s\000\040\000a\000n\000d\000\040\000W\000i\000l\000l\000e\000m\000s\000'\000\040\000F\000r\000a\000m\000e\000w\000o\000r\000k\000\040\000\050\0001\0009\0007\0001\000\051}{section.6.2}% 238
\BOOKMARK [2][-]{subsection.6.2.3}{\376\377\0006\000.\0002\000.\0003\000\040\000R\000o\000b\000u\000s\000t\000n\000e\000s\000s\000\040\000M\000a\000r\000g\000i\000n\000s\000\040\000f\000r\000o\000m\000\040\000L\000Q\000R}{section.6.2}% 239
\BOOKMARK [1][-]{section.6.3}{\376\377\0006\000.\0003\000\040\000D\000i\000s\000c\000r\000e\000t\000e\000-\000T\000i\000m\000e\000\040\000D\000u\000a\000l\000i\000t\000y\000:\000\040\000T\000h\000e\000\040\000V\000a\000l\000u\000e\000\040\000D\000e\000c\000r\000e\000a\000s\000e\000\040\000I\000d\000e\000n\000t\000i\000t\000y}{chapter.6}% 240
\BOOKMARK [2][-]{subsection.6.3.1}{\376\377\0006\000.\0003\000.\0001\000\040\000T\000h\000e\000\040\000C\000o\000r\000e\000\040\000D\000e\000r\000i\000v\000a\000t\000i\000o\000n}{section.6.3}% 241
\BOOKMARK [2][-]{subsection.6.3.2}{\376\377\0006\000.\0003\000.\0002\000\040\000E\000x\000t\000r\000a\000c\000t\000i\000n\000g\000\040\000E\000x\000p\000o\000n\000e\000n\000t\000i\000a\000l\000\040\000D\000e\000c\000a\000y}{section.6.3}% 242
\BOOKMARK [1][-]{section.6.4}{\376\377\0006\000.\0004\000\040\000W\000o\000r\000k\000e\000d\000\040\000N\000u\000m\000e\000r\000i\000c\000a\000l\000\040\000E\000x\000a\000m\000p\000l\000e\000:\000\040\000T\000h\000e\000\040\000D\000i\000s\000c\000r\000e\000t\000e\000\040\000P\000e\000n\000d\000u\000l\000u\000m}{chapter.6}% 243
\BOOKMARK [2][-]{subsection.6.4.1}{\376\377\0006\000.\0004\000.\0001\000\040\000S\000y\000s\000t\000e\000m\000\040\000S\000e\000t\000u\000p}{section.6.4}% 244
\BOOKMARK [2][-]{subsection.6.4.2}{\376\377\0006\000.\0004\000.\0002\000\040\000R\000i\000c\000c\000a\000t\000i\000\040\000S\000o\000l\000u\000t\000i\000o\000n}{section.6.4}% 245
\BOOKMARK [2][-]{subsection.6.4.3}{\376\377\0006\000.\0004\000.\0003\000\040\000O\000p\000t\000i\000m\000a\000l\000\040\000G\000a\000i\000n}{section.6.4}% 246
\BOOKMARK [2][-]{subsection.6.4.4}{\376\377\0006\000.\0004\000.\0004\000\040\000C\000l\000o\000s\000e\000d\000-\000L\000o\000o\000p\000\040\000D\000y\000n\000a\000m\000i\000c\000s}{section.6.4}% 247
\BOOKMARK [2][-]{subsection.6.4.5}{\376\377\0006\000.\0004\000.\0005\000\040\000S\000t\000a\000g\000e\000\040\000C\000o\000s\000t\000\040\000M\000a\000t\000r\000i\000x}{section.6.4}% 248
\BOOKMARK [2][-]{subsection.6.4.6}{\376\377\0006\000.\0004\000.\0006\000\040\000C\000o\000n\000t\000r\000a\000c\000t\000i\000o\000n\000\040\000R\000a\000t\000e\000\040\000f\000r\000o\000m\000\040\000R\000i\000c\000c\000a\000t\000i\000\040\000B\000o\000u\000n\000d\000s}{section.6.4}% 249
\BOOKMARK [2][-]{subsection.6.4.7}{\376\377\0006\000.\0004\000.\0007\000\040\000T\000r\000a\000j\000e\000c\000t\000o\000r\000y\000\040\000o\000f\000\040\000V\000a\000l\000u\000e\000\040\000F\000u\000n\000c\000t\000i\000o\000n\000\040\000O\000v\000e\000r\000\040\0001\0000\000\040\000T\000i\000m\000e\000\040\000S\000t\000e\000p\000s}{section.6.4}% 250
\BOOKMARK [1][-]{section.6.5}{\376\377\0006\000.\0005\000\040\000C\000o\000n\000t\000i\000n\000u\000o\000u\000s\000-\000T\000i\000m\000e\000\040\000D\000u\000a\000l\000i\000t\000y\000:\000\040\000D\000e\000t\000a\000i\000l\000e\000d\000\040\000D\000e\000r\000i\000v\000a\000t\000i\000o\000n}{chapter.6}% 251
\BOOKMARK [2][-]{subsection.6.5.1}{\376\377\0006\000.\0005\000.\0001\000\040\000S\000e\000t\000u\000p\000\040\000a\000n\000d\000\040\000O\000b\000j\000e\000c\000t\000i\000v\000e\000s}{section.6.5}% 252
\BOOKMARK [2][-]{subsection.6.5.2}{\376\377\0006\000.\0005\000.\0002\000\040\000V\000a\000l\000u\000e\000\040\000F\000u\000n\000c\000t\000i\000o\000n\000\040\000T\000i\000m\000e\000\040\000D\000e\000r\000i\000v\000a\000t\000i\000v\000e}{section.6.5}% 253
\BOOKMARK [2][-]{subsection.6.5.3}{\376\377\0006\000.\0005\000.\0003\000\040\000S\000i\000m\000p\000l\000i\000f\000y\000i\000n\000g\000\040\000U\000s\000i\000n\000g\000\040\000t\000h\000e\000\040\000R\000i\000c\000c\000a\000t\000i\000\040\000E\000q\000u\000a\000t\000i\000o\000n}{section.6.5}% 254
\BOOKMARK [2][-]{subsection.6.5.4}{\376\377\0006\000.\0005\000.\0004\000\040\000E\000x\000p\000o\000n\000e\000n\000t\000i\000a\000l\000\040\000D\000e\000c\000a\000y\000\040\000i\000n\000\040\000C\000o\000n\000t\000i\000n\000u\000o\000u\000s\000\040\000T\000i\000m\000e}{section.6.5}% 255
\BOOKMARK [2][-]{subsection.6.5.5}{\376\377\0006\000.\0005\000.\0005\000\040\000C\000o\000m\000p\000a\000r\000i\000s\000o\000n\000\040\000w\000i\000t\000h\000\040\000C\000o\000n\000t\000r\000a\000c\000t\000i\000o\000n\000\040\000L\000M\000I}{section.6.5}% 256
\BOOKMARK [1][-]{section.6.6}{\376\377\0006\000.\0006\000\040\000R\000o\000b\000u\000s\000t\000n\000e\000s\000s\000\040\000M\000a\000r\000g\000i\000n\000s\000\040\000f\000r\000o\000m\000\040\000L\000Q\000R}{chapter.6}% 257
\BOOKMARK [2][-]{subsection.6.6.1}{\376\377\0006\000.\0006\000.\0001\000\040\000G\000a\000i\000n\000\040\000M\000a\000r\000g\000i\000n}{section.6.6}% 258
\BOOKMARK [2][-]{subsection.6.6.2}{\376\377\0006\000.\0006\000.\0002\000\040\000P\000h\000a\000s\000e\000\040\000M\000a\000r\000g\000i\000n}{section.6.6}% 259
\BOOKMARK [2][-]{subsection.6.6.3}{\376\377\0006\000.\0006\000.\0003\000\040\000D\000i\000s\000k\000\040\000M\000a\000r\000g\000i\000n}{section.6.6}% 260
\BOOKMARK [2][-]{subsection.6.6.4}{\376\377\0006\000.\0006\000.\0004\000\040\000I\000m\000p\000l\000i\000c\000a\000t\000i\000o\000n\000\040\000f\000o\000r\000\040\000D\000e\000s\000i\000g\000n}{section.6.6}% 261
\BOOKMARK [1][-]{section.6.7}{\376\377\0006\000.\0007\000\040\000C\000o\000n\000d\000i\000t\000i\000o\000n\000\040\000N\000u\000m\000b\000e\000r\000\040\000a\000n\000d\000\040\000I\000t\000s\000\040\000E\000f\000f\000e\000c\000t\000\040\000o\000n\000\040\000C\000o\000n\000t\000r\000a\000c\000t\000i\000o\000n\000\040\000R\000a\000t\000e}{chapter.6}% 262
\BOOKMARK [2][-]{subsection.6.7.1}{\376\377\0006\000.\0007\000.\0001\000\040\000D\000e\000f\000i\000n\000i\000t\000i\000o\000n\000\040\000a\000n\000d\000\040\000I\000n\000t\000e\000r\000p\000r\000e\000t\000a\000t\000i\000o\000n}{section.6.7}% 263
\BOOKMARK [2][-]{subsection.6.7.2}{\376\377\0006\000.\0007\000.\0002\000\040\000I\000l\000l\000-\000C\000o\000n\000d\000i\000t\000i\000o\000n\000i\000n\000g\000\040\000S\000i\000g\000n\000a\000l\000s\000\040\000L\000o\000s\000s\000\040\000o\000f\000\040\000C\000o\000n\000t\000r\000o\000l\000l\000a\000b\000i\000l\000i\000t\000y}{section.6.7}% 264
\BOOKMARK [2][-]{subsection.6.7.3}{\376\377\0006\000.\0007\000.\0003\000\040\000C\000o\000n\000d\000i\000t\000i\000o\000n\000\040\000N\000u\000m\000b\000e\000r\000\040\000a\000n\000d\000\040\000C\000o\000n\000t\000r\000a\000c\000t\000i\000o\000n\000\040\000R\000a\000t\000e}{section.6.7}% 265
\BOOKMARK [1][-]{section.6.8}{\376\377\0006\000.\0008\000\040\000C\000o\000n\000n\000e\000c\000t\000i\000o\000n\000s\000\040\000t\000o\000\040\000H\000-\000I\000n\000f\000i\000n\000i\000t\000y\000\040\000a\000n\000d\000\040\000R\000o\000b\000u\000s\000t\000\040\000C\000o\000n\000t\000r\000o\000l}{chapter.6}% 266
\BOOKMARK [2][-]{subsection.6.8.1}{\376\377\0006\000.\0008\000.\0001\000\040\000T\000h\000e\000\040\000H\000-\000I\000n\000f\000i\000n\000i\000t\000y\000\040\000P\000r\000o\000b\000l\000e\000m}{section.6.8}% 267
\BOOKMARK [2][-]{subsection.6.8.2}{\376\377\0006\000.\0008\000.\0002\000\040\000T\000h\000e\000\040\000H\000-\000I\000n\000f\000i\000n\000i\000t\000y\000\040\000R\000i\000c\000c\000a\000t\000i\000\040\000E\000q\000u\000a\000t\000i\000o\000n}{section.6.8}% 268
\BOOKMARK [2][-]{subsection.6.8.3}{\376\377\0006\000.\0008\000.\0003\000\040\000D\000u\000a\000l\000i\000t\000y\000\040\000i\000n\000\040\000t\000h\000e\000\040\000R\000o\000b\000u\000s\000t\000\040\000S\000e\000t\000t\000i\000n\000g}{section.6.8}% 269
\BOOKMARK [2][-]{subsection.6.8.4}{\376\377\0006\000.\0008\000.\0004\000\040\000W\000o\000r\000k\000e\000d\000\040\000E\000x\000a\000m\000p\000l\000e\000:\000\040\000P\000e\000n\000d\000u\000l\000u\000m\000\040\000w\000i\000t\000h\000\040\000W\000i\000n\000d\000\040\000D\000i\000s\000t\000u\000r\000b\000a\000n\000c\000e}{section.6.8}% 270
\BOOKMARK [1][-]{section.6.9}{\376\377\0006\000.\0009\000\040\000T\000i\000m\000e\000-\000V\000a\000r\000y\000i\000n\000g\000\040\000v\000s\000.\000\040\000S\000t\000e\000a\000d\000y\000-\000S\000t\000a\000t\000e\000\040\000D\000u\000a\000l\000i\000t\000y}{chapter.6}% 271
\BOOKMARK [2][-]{subsection.6.9.1}{\376\377\0006\000.\0009\000.\0001\000\040\000T\000h\000e\000\040\000D\000i\000s\000c\000r\000e\000t\000e\000\040\000R\000i\000c\000c\000a\000t\000i\000\040\000E\000q\000u\000a\000t\000i\000o\000n\000\040\000\050\000D\000R\000E\000\051}{section.6.9}% 272
\BOOKMARK [2][-]{subsection.6.9.2}{\376\377\0006\000.\0009\000.\0002\000\040\000T\000h\000e\000\040\000A\000l\000g\000e\000b\000r\000a\000i\000c\000\040\000R\000i\000c\000c\000a\000t\000i\000\040\000E\000q\000u\000a\000t\000i\000o\000n\000\040\000\050\000A\000R\000E\000\051}{section.6.9}% 273
\BOOKMARK [2][-]{subsection.6.9.3}{\376\377\0006\000.\0009\000.\0003\000\040\000G\000e\000o\000m\000e\000t\000r\000i\000c\000\040\000I\000n\000t\000e\000r\000p\000r\000e\000t\000a\000t\000i\000o\000n}{section.6.9}% 274
\BOOKMARK [1][-]{section.6.10}{\376\377\0006\000.\0001\0000\000\040\000T\000a\000n\000g\000e\000n\000t\000\040\000B\000u\000n\000d\000l\000e\000\040\000G\000e\000o\000m\000e\000t\000r\000y\000\040\000a\000n\000d\000\040\000G\000e\000o\000d\000e\000s\000i\000c\000s}{chapter.6}% 275
\BOOKMARK [2][-]{subsection.6.10.1}{\376\377\0006\000.\0001\0000\000.\0001\000\040\000T\000h\000e\000\040\000T\000a\000n\000g\000e\000n\000t\000\040\000B\000u\000n\000d\000l\000e}{section.6.10}% 276
\BOOKMARK [2][-]{subsection.6.10.2}{\376\377\0006\000.\0001\0000\000.\0002\000\040\000R\000i\000e\000m\000a\000n\000n\000i\000a\000n\000\040\000M\000e\000t\000r\000i\000c\000\040\000o\000n\000\040\000t\000h\000e\000\040\000T\000a\000n\000g\000e\000n\000t\000\040\000B\000u\000n\000d\000l\000e}{section.6.10}% 277
\BOOKMARK [2][-]{subsection.6.10.3}{\376\377\0006\000.\0001\0000\000.\0003\000\040\000G\000e\000o\000d\000e\000s\000i\000c\000s\000\040\000a\000n\000d\000\040\000O\000p\000t\000i\000m\000a\000l\000\040\000C\000o\000n\000t\000r\000o\000l}{section.6.10}% 278
\BOOKMARK [2][-]{subsection.6.10.4}{\376\377\0006\000.\0001\0000\000.\0004\000\040\000C\000o\000n\000v\000e\000r\000g\000e\000n\000c\000e\000\040\000o\000f\000\040\000N\000e\000i\000g\000h\000b\000o\000r\000i\000n\000g\000\040\000T\000r\000a\000j\000e\000c\000t\000o\000r\000i\000e\000s}{section.6.10}% 279
\BOOKMARK [2][-]{subsection.6.10.5}{\376\377\0006\000.\0001\0000\000.\0005\000\040\000V\000i\000s\000u\000a\000l\000i\000z\000a\000t\000i\000o\000n\000\040\000i\000n\000\040\0002\000D}{section.6.10}% 280
\BOOKMARK [1][-]{section.6.11}{\376\377\0006\000.\0001\0001\000\040\000P\000r\000a\000c\000t\000i\000c\000a\000l\000\040\000D\000e\000s\000i\000g\000n\000\040\000w\000i\000t\000h\000\040\000D\000u\000a\000l\000i\000t\000y}{chapter.6}% 281
\BOOKMARK [2][-]{subsection.6.11.1}{\376\377\0006\000.\0001\0001\000.\0001\000\040\000I\000n\000t\000e\000g\000r\000a\000t\000e\000d\000\040\000D\000e\000s\000i\000g\000n\000\040\000W\000o\000r\000k\000f\000l\000o\000w}{section.6.11}% 282
\BOOKMARK [2][-]{subsection.6.11.2}{\376\377\0006\000.\0001\0001\000.\0002\000\040\000W\000h\000e\000n\000\040\000D\000u\000a\000l\000i\000t\000y\000\040\000B\000r\000e\000a\000k\000s\000\040\000D\000o\000w\000n}{section.6.11}% 283
\BOOKMARK [1][-]{section.6.12}{\376\377\0006\000.\0001\0002\000\040\000C\000h\000a\000p\000t\000e\000r\000\040\000S\000u\000m\000m\000a\000r\000y}{chapter.6}% 284
\BOOKMARK [0][-]{chapter.7}{\376\377\0007\000\040\000F\000o\000r\000w\000a\000r\000d\000\040\000D\000y\000n\000a\000m\000i\000c\000s\000,\000\040\000C\000o\000u\000n\000t\000e\000r\000f\000a\000c\000t\000u\000a\000l\000s\000,\000\040\000a\000n\000d\000\040\000D\000r\000i\000f\000t}{}% 285
\BOOKMARK [1][-]{section.7.1}{\376\377\0007\000.\0001\000\040\000T\000h\000e\000\040\000C\000a\000u\000s\000a\000l\000\040\000S\000t\000r\000u\000c\000t\000u\000r\000e\000\040\000o\000f\000\040\000C\000o\000n\000t\000r\000o\000l\000-\000A\000f\000f\000i\000n\000e\000\040\000S\000y\000s\000t\000e\000m\000s}{chapter.7}% 286
\BOOKMARK [1][-]{section.7.2}{\376\377\0007\000.\0002\000\040\000T\000h\000e\000\040\000Z\000e\000r\000o\000\040\000T\000o\000r\000q\000u\000e\000\040\000C\000o\000u\000n\000t\000e\000r\000f\000a\000c\000t\000u\000a\000l\000\040\000\050\000Z\000T\000C\000F\000\051}{chapter.7}% 287
\BOOKMARK [2][-]{subsection.7.2.1}{\376\377\0007\000.\0002\000.\0001\000\040\000M\000a\000t\000h\000e\000m\000a\000t\000i\000c\000a\000l\000\040\000F\000o\000u\000n\000d\000a\000t\000i\000o\000n\000s\000:\000\040\000E\000x\000i\000s\000t\000e\000n\000c\000e\000,\000\040\000U\000n\000i\000q\000u\000e\000n\000e\000s\000s\000,\000\040\000a\000n\000d\000\040\000S\000m\000o\000o\000t\000h\000n\000e\000s\000s}{section.7.2}% 288
\BOOKMARK [2][-]{subsection.7.2.2}{\376\377\0007\000.\0002\000.\0002\000\040\000T\000h\000e\000\040\000F\000l\000o\000w\000\040\000M\000a\000p\000\040\000a\000n\000d\000\040\000P\000r\000o\000p\000e\000r\000t\000i\000e\000s}{section.7.2}% 289
\BOOKMARK [2][-]{subsection.7.2.3}{\376\377\0007\000.\0002\000.\0003\000\040\000M\000a\000t\000h\000e\000m\000a\000t\000i\000c\000a\000l\000\040\000J\000u\000s\000t\000i\000f\000i\000c\000a\000t\000i\000o\000n}{section.7.2}% 290
\BOOKMARK [1][-]{section.7.3}{\376\377\0007\000.\0003\000\040\000T\000h\000e\000\040\000Z\000e\000r\000o\000\040\000V\000e\000l\000o\000c\000i\000t\000y\000\040\000C\000o\000u\000n\000t\000e\000r\000f\000a\000c\000t\000u\000a\000l\000\040\000\050\000Z\000V\000C\000F\000\051}{chapter.7}% 291
\BOOKMARK [1][-]{section.7.4}{\376\377\0007\000.\0004\000\040\000D\000e\000c\000o\000m\000p\000o\000s\000i\000t\000i\000o\000n\000\040\000o\000f\000\040\000t\000h\000e\000\040\000D\000r\000i\000f\000t\000\040\000f\000o\000r\000\040\000M\000e\000c\000h\000a\000n\000i\000c\000a\000l\000\040\000S\000y\000s\000t\000e\000m\000s}{chapter.7}% 292
\BOOKMARK [2][-]{subsection.7.4.1}{\376\377\0007\000.\0004\000.\0001\000\040\000S\000u\000p\000e\000r\000p\000o\000s\000i\000t\000i\000o\000n\000\040\000o\000f\000\040\000D\000r\000i\000f\000t\000\040\000C\000o\000m\000p\000o\000n\000e\000n\000t\000s}{section.7.4}% 293
\BOOKMARK [2][-]{subsection.7.4.2}{\376\377\0007\000.\0004\000.\0002\000\040\000M\000a\000g\000n\000i\000t\000u\000d\000e\000\040\000S\000c\000a\000l\000i\000n\000g}{section.7.4}% 294
\BOOKMARK [2][-]{subsection.7.4.3}{\376\377\0007\000.\0004\000.\0003\000\040\000W\000o\000r\000k\000e\000d\000\040\000D\000e\000c\000o\000m\000p\000o\000s\000i\000t\000i\000o\000n\000\040\000T\000a\000b\000l\000e\000:\000\040\000D\000o\000u\000b\000l\000e\000\040\000P\000e\000n\000d\000u\000l\000u\000m\000\040\000E\000x\000a\000m\000p\000l\000e}{section.7.4}% 295
\BOOKMARK [1][-]{section.7.5}{\376\377\0007\000.\0005\000\040\000T\000h\000e\000\040\000D\000r\000i\000f\000t\040\023\000C\000o\000n\000t\000r\000o\000l\000\040\000R\000a\000t\000i\000o}{chapter.7}% 296
\BOOKMARK [2][-]{subsection.7.5.1}{\376\377\0007\000.\0005\000.\0001\000\040\000V\000e\000l\000o\000c\000i\000t\000y\000\040\000S\000c\000a\000l\000i\000n\000g}{section.7.5}% 297
\BOOKMARK [1][-]{section.7.6}{\376\377\0007\000.\0006\000\040\000F\000o\000r\000w\000a\000r\000d\000\040\000D\000y\000n\000a\000m\000i\000c\000s\000\040\000a\000s\000\040\000a\000\040\000T\000h\000o\000u\000g\000h\000t\000\040\000E\000x\000p\000e\000r\000i\000m\000e\000n\000t\000\040\000E\000n\000g\000i\000n\000e}{chapter.7}% 298
\BOOKMARK [2][-]{subsection.7.6.1}{\376\377\0007\000.\0006\000.\0001\000\040\000A\000t\000t\000r\000i\000b\000u\000t\000i\000o\000n\000\040\000A\000n\000a\000l\000y\000s\000i\000s}{section.7.6}% 299
\BOOKMARK [2][-]{subsection.7.6.2}{\376\377\0007\000.\0006\000.\0002\000\040\000S\000e\000n\000s\000i\000t\000i\000v\000i\000t\000y\000\040\000C\000o\000u\000n\000t\000e\000r\000f\000a\000c\000t\000u\000a\000l\000s}{section.7.6}% 300
\BOOKMARK [1][-]{section.7.7}{\376\377\0007\000.\0007\000\040\000A\000t\000t\000r\000i\000b\000u\000t\000i\000o\000n\000\040\000M\000e\000t\000h\000o\000d\000o\000l\000o\000g\000y\000:\000\040\000A\000\040\000F\000o\000r\000m\000a\000l\000\040\000P\000r\000o\000c\000e\000d\000u\000r\000e}{chapter.7}% 301
\BOOKMARK [1][-]{section.7.8}{\376\377\0007\000.\0008\000\040\000S\000e\000n\000s\000i\000t\000i\000v\000i\000t\000y\000\040\000C\000o\000u\000n\000t\000e\000r\000f\000a\000c\000t\000u\000a\000l\000s\000:\000\040\000D\000e\000t\000a\000i\000l\000e\000d\000\040\000M\000a\000t\000h\000e\000m\000a\000t\000i\000c\000s}{chapter.7}% 302
\BOOKMARK [2][-]{subsection.7.8.1}{\376\377\0007\000.\0008\000.\0001\000\040\000S\000i\000n\000g\000l\000e\000\040\000A\000c\000t\000u\000a\000t\000o\000r\000\040\000F\000a\000i\000l\000u\000r\000e}{section.7.8}% 303
\BOOKMARK [2][-]{subsection.7.8.2}{\376\377\0007\000.\0008\000.\0002\000\040\000P\000a\000r\000a\000m\000e\000t\000e\000r\000\040\000P\000e\000r\000t\000u\000r\000b\000a\000t\000i\000o\000n}{section.7.8}% 304
\BOOKMARK [2][-]{subsection.7.8.3}{\376\377\0007\000.\0008\000.\0003\000\040\000G\000r\000a\000v\000i\000t\000y\000\040\000M\000o\000d\000i\000f\000i\000c\000a\000t\000i\000o\000n}{section.7.8}% 305
\BOOKMARK [2][-]{subsection.7.8.4}{\376\377\0007\000.\0008\000.\0004\000\040\000M\000a\000s\000s\000\040\000R\000e\000d\000i\000s\000t\000r\000i\000b\000u\000t\000i\000o\000n}{section.7.8}% 306
\BOOKMARK [1][-]{section.7.9}{\376\377\0007\000.\0009\000\040\000D\000a\000t\000a\000-\000D\000r\000i\000v\000e\000n\000\040\000D\000r\000i\000f\000t\000\040\000E\000s\000t\000i\000m\000a\000t\000i\000o\000n}{chapter.7}% 307
\BOOKMARK [2][-]{subsection.7.9.1}{\376\377\0007\000.\0009\000.\0001\000\040\000T\000h\000e\000\040\000R\000e\000g\000r\000e\000s\000s\000i\000o\000n\000\040\000A\000p\000p\000r\000o\000a\000c\000h}{section.7.9}% 308
\BOOKMARK [2][-]{subsection.7.9.2}{\376\377\0007\000.\0009\000.\0002\000\040\000I\000d\000e\000n\000t\000i\000f\000i\000c\000a\000t\000i\000o\000n\000\040\000C\000o\000n\000d\000i\000t\000i\000o\000n\000:\000\040\000I\000n\000p\000u\000t\000\040\000V\000a\000r\000i\000a\000t\000i\000o\000n}{section.7.9}% 309
\BOOKMARK [2][-]{subsection.7.9.3}{\376\377\0007\000.\0009\000.\0003\000\040\000P\000r\000a\000c\000t\000i\000c\000a\000l\000\040\000C\000o\000n\000s\000i\000d\000e\000r\000a\000t\000i\000o\000n\000s}{section.7.9}% 310
\BOOKMARK [2][-]{subsection.7.9.4}{\376\377\0007\000.\0009\000.\0004\000\040\000C\000o\000n\000n\000e\000c\000t\000i\000o\000n\000\040\000t\000o\000\040\000S\000y\000s\000t\000e\000m\000\040\000I\000d\000e\000n\000t\000i\000f\000i\000c\000a\000t\000i\000o\000n}{section.7.9}% 311
\BOOKMARK [1][-]{section.7.10}{\376\377\0007\000.\0001\0000\000\040\000C\000o\000n\000t\000r\000a\000c\000t\000i\000o\000n\000\040\000A\000n\000a\000l\000y\000s\000i\000s\000\040\000o\000f\000\040\000t\000h\000e\000\040\000D\000r\000i\000f\000t}{chapter.7}% 312
\BOOKMARK [2][-]{subsection.7.10.1}{\376\377\0007\000.\0001\0000\000.\0001\000\040\000D\000r\000i\000f\000t\000\040\000J\000a\000c\000o\000b\000i\000a\000n\000\040\000a\000n\000d\000\040\000E\000i\000g\000e\000n\000v\000a\000l\000u\000e\000\040\000A\000n\000a\000l\000y\000s\000i\000s}{section.7.10}% 313
\BOOKMARK [2][-]{subsection.7.10.2}{\376\377\0007\000.\0001\0000\000.\0002\000\040\000C\000o\000n\000t\000r\000a\000c\000t\000i\000o\000n\000\040\000I\000m\000p\000l\000i\000e\000s\000\040\000L\000o\000w\000\040\000C\000o\000n\000t\000r\000o\000l\000\040\000A\000u\000t\000h\000o\000r\000i\000t\000y}{section.7.10}% 314
\BOOKMARK [2][-]{subsection.7.10.3}{\376\377\0007\000.\0001\0000\000.\0003\000\040\000P\000r\000o\000o\000f\000\040\000v\000i\000a\000\040\000O\000p\000t\000i\000m\000a\000l\000\040\000C\000o\000n\000t\000r\000o\000l}{section.7.10}% 315
\BOOKMARK [1][-]{section.7.11}{\376\377\0007\000.\0001\0001\000\040\000E\000n\000e\000r\000g\000y\000\040\000I\000n\000t\000e\000r\000p\000r\000e\000t\000a\000t\000i\000o\000n\000\040\000o\000f\000\040\000C\000o\000u\000n\000t\000e\000r\000f\000a\000c\000t\000u\000a\000l\000s}{chapter.7}% 316
\BOOKMARK [2][-]{subsection.7.11.1}{\376\377\0007\000.\0001\0001\000.\0001\000\040\000E\000n\000e\000r\000g\000y\000\040\000o\000f\000\040\000t\000h\000e\000\040\000Z\000T\000C\000F}{section.7.11}% 317
\BOOKMARK [2][-]{subsection.7.11.2}{\376\377\0007\000.\0001\0001\000.\0002\000\040\000C\000o\000n\000s\000e\000r\000v\000a\000t\000i\000v\000e\000\040\000D\000r\000i\000f\000t\000:\000\040\000E\000n\000e\000r\000g\000y\000\040\000C\000o\000n\000s\000e\000r\000v\000a\000t\000i\000o\000n}{section.7.11}% 318
\BOOKMARK [2][-]{subsection.7.11.3}{\376\377\0007\000.\0001\0001\000.\0003\000\040\000D\000i\000s\000s\000i\000p\000a\000t\000i\000v\000e\000\040\000D\000r\000i\000f\000t\000:\000\040\000E\000n\000e\000r\000g\000y\000\040\000D\000e\000c\000a\000y}{section.7.11}% 319
\BOOKMARK [2][-]{subsection.7.11.4}{\376\377\0007\000.\0001\0001\000.\0004\000\040\000C\000o\000n\000t\000r\000o\000l\000\040\000E\000n\000e\000r\000g\000y\000\040\000I\000n\000p\000u\000t}{section.7.11}% 320
\BOOKMARK [2][-]{subsection.7.11.5}{\376\377\0007\000.\0001\0001\000.\0005\000\040\000E\000n\000e\000r\000g\000y\000\040\000C\000o\000m\000p\000a\000r\000i\000s\000o\000n\000\040\000C\000o\000u\000n\000t\000e\000r\000f\000a\000c\000t\000u\000a\000l}{section.7.11}% 321
\BOOKMARK [1][-]{section.7.12}{\376\377\0007\000.\0001\0002\000\040\000W\000o\000r\000k\000e\000d\000\040\000E\000x\000a\000m\000p\000l\000e\000:\000\040\000U\000n\000d\000e\000r\000a\000c\000t\000u\000a\000t\000e\000d\000\040\000D\000o\000u\000b\000l\000e\000\040\000P\000e\000n\000d\000u\000l\000u\000m}{chapter.7}% 322
\BOOKMARK [2][-]{subsection.7.12.1}{\376\377\0007\000.\0001\0002\000.\0001\000\040\000S\000y\000s\000t\000e\000m\000\040\000P\000a\000r\000a\000m\000e\000t\000e\000r\000s\000\040\000a\000n\000d\000\040\000E\000q\000u\000a\000t\000i\000o\000n\000s}{section.7.12}% 323
\BOOKMARK [2][-]{subsection.7.12.2}{\376\377\0007\000.\0001\0002\000.\0002\000\040\000M\000a\000s\000s\000\040\000M\000a\000t\000r\000i\000x}{section.7.12}% 324
\BOOKMARK [2][-]{subsection.7.12.3}{\376\377\0007\000.\0001\0002\000.\0003\000\040\000C\000o\000r\000i\000o\000l\000i\000s\000\040\000M\000a\000t\000r\000i\000x}{section.7.12}% 325
\BOOKMARK [2][-]{subsection.7.12.4}{\376\377\0007\000.\0001\0002\000.\0004\000\040\000G\000r\000a\000v\000i\000t\000a\000t\000i\000o\000n\000a\000l\000\040\000V\000e\000c\000t\000o\000r}{section.7.12}% 326
\BOOKMARK [2][-]{subsection.7.12.5}{\376\377\0007\000.\0001\0002\000.\0005\000\040\000D\000r\000i\000f\000t\000\040\000C\000o\000m\000p\000o\000n\000e\000n\000t\000s}{section.7.12}% 327
\BOOKMARK [2][-]{subsection.7.12.6}{\376\377\0007\000.\0001\0002\000.\0006\000\040\000I\000n\000p\000u\000t\000\040\000M\000a\000t\000r\000i\000x}{section.7.12}% 328
\BOOKMARK [2][-]{subsection.7.12.7}{\376\377\0007\000.\0001\0002\000.\0007\000\040\000N\000u\000m\000e\000r\000i\000c\000a\000l\000\040\000S\000i\000m\000u\000l\000a\000t\000i\000o\000n}{section.7.12}% 329
\BOOKMARK [2][-]{subsection.7.12.8}{\376\377\0007\000.\0001\0002\000.\0008\000\040\000R\000e\000s\000u\000l\000t\000s\000:\000\040\000Z\000T\000C\000F\000\040\000v\000s\000.\000\040\000A\000c\000t\000u\000a\000l\000\040\000T\000r\000a\000j\000e\000c\000t\000o\000r\000y}{section.7.12}% 330
\BOOKMARK [2][-]{subsection.7.12.9}{\376\377\0007\000.\0001\0002\000.\0009\000\040\000D\000e\000c\000o\000m\000p\000o\000s\000i\000t\000i\000o\000n\000:\000\040\000G\000r\000a\000v\000i\000t\000y\000\040\000v\000s\000.\000\040\000C\000o\000r\000i\000o\000l\000i\000s}{section.7.12}% 331
\BOOKMARK [2][-]{subsection.7.12.10}{\376\377\0007\000.\0001\0002\000.\0001\0000\000\040\000D\000r\000i\000f\000t\040\023\000C\000o\000n\000t\000r\000o\000l\000\040\000R\000a\000t\000i\000o\000\040\000E\000v\000o\000l\000u\000t\000i\000o\000n}{section.7.12}% 332
\BOOKMARK [2][-]{subsection.7.12.11}{\376\377\0007\000.\0001\0002\000.\0001\0001\000\040\000Z\000T\000C\000F\000\040\000T\000r\000a\000j\000e\000c\000t\000o\000r\000y}{section.7.12}% 333
\BOOKMARK [1][-]{section.7.13}{\376\377\0007\000.\0001\0003\000\040\000C\000o\000n\000n\000e\000c\000t\000i\000o\000n\000\040\000t\000o\000\040\000C\000o\000n\000t\000r\000a\000c\000t\000i\000o\000n\000\040\000a\000n\000d\000\040\000O\000p\000t\000i\000m\000a\000l\000\040\000C\000o\000n\000t\000r\000o\000l\000\040\000\050\000D\000e\000t\000a\000i\000l\000e\000d\000\040\000P\000r\000o\000o\000f\000s\000\051}{chapter.7}% 334
\BOOKMARK [2][-]{subsection.7.13.1}{\376\377\0007\000.\0001\0003\000.\0001\000\040\000C\000o\000n\000t\000r\000a\000c\000t\000i\000o\000n\000\040\000o\000f\000\040\000D\000r\000i\000f\000t\000\040\000v\000i\000a\000\040\000L\000y\000a\000p\000u\000n\000o\000v\000\040\000M\000e\000t\000h\000o\000d\000s}{section.7.13}% 335
\BOOKMARK [2][-]{subsection.7.13.2}{\376\377\0007\000.\0001\0003\000.\0002\000\040\000M\000i\000n\000i\000m\000a\000l\000\040\000I\000n\000t\000e\000r\000v\000e\000n\000t\000i\000o\000n\000\040\000i\000n\000\040\000D\000r\000i\000f\000t\000-\000D\000o\000m\000i\000n\000a\000t\000e\000d\000\040\000R\000e\000g\000i\000m\000e\000s}{section.7.13}% 336
\BOOKMARK [2][-]{subsection.7.13.3}{\376\377\0007\000.\0001\0003\000.\0003\000\040\000S\000t\000a\000b\000i\000l\000i\000t\000y\000\040\000W\000i\000t\000h\000o\000u\000t\000\040\000C\000o\000n\000t\000r\000o\000l}{section.7.13}% 337
\BOOKMARK [1][-]{section.7.14}{\376\377\0007\000.\0001\0004\000\040\000S\000u\000m\000m\000a\000r\000y\000\040\000T\000a\000b\000l\000e\000:\000\040\000K\000e\000y\000\040\000C\000o\000n\000c\000e\000p\000t\000s\000\040\000a\000n\000d\000\040\000R\000e\000l\000a\000t\000i\000o\000n\000s\000h\000i\000p\000s}{chapter.7}% 338
\BOOKMARK [1][-]{section.7.15}{\376\377\0007\000.\0001\0005\000\040\000C\000h\000a\000p\000t\000e\000r\000\040\000S\000u\000m\000m\000a\000r\000y}{chapter.7}% 339
\BOOKMARK [0][-]{chapter.8}{\376\377\0008\000\040\000A\000p\000p\000l\000i\000c\000a\000t\000i\000o\000n\000s\000:\000\040\000B\000i\000o\000m\000e\000c\000h\000a\000n\000i\000c\000s\000,\000\040\000R\000o\000b\000o\000t\000i\000c\000s\000,\000\040\000a\000n\000d\000\040\000B\000e\000y\000o\000n\000d}{}% 340
\BOOKMARK [1][-]{section.8.1}{\376\377\0008\000.\0001\000\040\000B\000i\000o\000m\000e\000c\000h\000a\000n\000i\000c\000s\000:\000\040\000T\000h\000e\000\040\000G\000o\000l\000f\000\040\000S\000w\000i\000n\000g\000\040\000a\000s\000\040\000a\000\040\000C\000o\000n\000t\000r\000o\000l\000-\000A\000f\000f\000i\000n\000e\000\040\000S\000y\000s\000t\000e\000m}{chapter.8}% 341
\BOOKMARK [2][-]{subsection.8.1.1}{\376\377\0008\000.\0001\000.\0001\000\040\000S\000y\000s\000t\000e\000m\000\040\000D\000e\000f\000i\000n\000i\000t\000i\000o\000n\000\040\000a\000n\000d\000\040\000P\000a\000r\000a\000m\000e\000t\000e\000r\000i\000z\000a\000t\000i\000o\000n}{section.8.1}% 342
\BOOKMARK [2][-]{subsection.8.1.2}{\376\377\0008\000.\0001\000.\0002\000\040\000E\000x\000p\000l\000i\000c\000i\000t\000\040\000M\000a\000s\000s\000\040\000M\000a\000t\000r\000i\000x\000\040\000C\000o\000n\000s\000t\000r\000u\000c\000t\000i\000o\000n}{section.8.1}% 343
\BOOKMARK [2][-]{subsection.8.1.3}{\376\377\0008\000.\0001\000.\0003\000\040\000S\000c\000h\000u\000r\000\040\000C\000o\000m\000p\000l\000e\000m\000e\000n\000t\000\040\000a\000n\000d\000\040\000A\000r\000t\000i\000c\000u\000l\000a\000t\000e\000d\000-\000B\000o\000d\000y\000\040\000I\000n\000e\000r\000t\000i\000a}{section.8.1}% 344
\BOOKMARK [2][-]{subsection.8.1.4}{\376\377\0008\000.\0001\000.\0004\000\040\000C\000o\000n\000t\000r\000o\000l\000-\000A\000f\000f\000i\000n\000e\000\040\000S\000t\000r\000u\000c\000t\000u\000r\000e\000\040\000a\000n\000d\000\040\000D\000r\000i\000f\000t\000\040\000C\000o\000m\000p\000o\000s\000i\000t\000i\000o\000n}{section.8.1}% 345
\BOOKMARK [2][-]{subsection.8.1.5}{\376\377\0008\000.\0001\000.\0005\000\040\000D\000r\000i\000f\000t\000-\000C\000o\000n\000t\000r\000o\000l\000\040\000R\000a\000t\000i\000o\000\040\000a\000n\000d\000\040\000P\000h\000a\000s\000e\000\040\000D\000e\000c\000o\000m\000p\000o\000s\000i\000t\000i\000o\000n}{section.8.1}% 346
\BOOKMARK [2][-]{subsection.8.1.6}{\376\377\0008\000.\0001\000.\0006\000\040\000K\000e\000y\000\040\000I\000n\000s\000i\000g\000h\000t\000s\000\040\000f\000r\000o\000m\000\040\000t\000h\000e\000\040\000F\000r\000a\000m\000e\000w\000o\000r\000k}{section.8.1}% 347
\BOOKMARK [2][-]{subsection.8.1.7}{\376\377\0008\000.\0001\000.\0007\000\040\000I\000n\000e\000r\000t\000i\000a\000l\000\040\000E\000n\000e\000r\000g\000y\000\040\000T\000r\000a\000n\000s\000f\000e\000r\000:\000\040\000T\000h\000e\000\040\000S\000e\000q\000u\000e\000n\000c\000i\000n\000g\000\040\000P\000r\000i\000n\000c\000i\000p\000l\000e}{section.8.1}% 348
\BOOKMARK [1][-]{section.8.2}{\376\377\0008\000.\0002\000\040\000R\000o\000b\000o\000t\000i\000c\000s\000:\000\040\000C\000o\000n\000t\000r\000a\000c\000t\000i\000o\000n\000-\000C\000e\000r\000t\000i\000f\000i\000e\000d\000\040\000M\000a\000n\000i\000p\000u\000l\000a\000t\000i\000o\000n}{chapter.8}% 349
\BOOKMARK [2][-]{subsection.8.2.1}{\376\377\0008\000.\0002\000.\0001\000\040\000O\000p\000e\000r\000a\000t\000i\000o\000n\000a\000l\000\040\000S\000p\000a\000c\000e\000\040\000C\000o\000n\000t\000r\000o\000l\000\040\000w\000i\000t\000h\000\040\000C\000o\000n\000t\000r\000a\000c\000t\000i\000o\000n\000\040\000G\000u\000a\000r\000a\000n\000t\000e\000e\000s}{section.8.2}% 350
\BOOKMARK [2][-]{subsection.8.2.2}{\376\377\0008\000.\0002\000.\0002\000\040\000C\000o\000m\000p\000l\000e\000t\000e\000\040\000W\000o\000r\000k\000e\000d\000\040\000E\000x\000a\000m\000p\000l\000e\000:\000\040\0003\000-\000D\000O\000F\000\040\000P\000l\000a\000n\000a\000r\000\040\000M\000a\000n\000i\000p\000u\000l\000a\000t\000o\000r}{section.8.2}% 351
\BOOKMARK [1][-]{section.8.3}{\376\377\0008\000.\0003\000\040\000A\000e\000r\000o\000s\000p\000a\000c\000e\000:\000\040\000S\000p\000a\000c\000e\000c\000r\000a\000f\000t\000\040\000P\000r\000o\000x\000i\000m\000i\000t\000y\000\040\000O\000p\000e\000r\000a\000t\000i\000o\000n\000s}{chapter.8}% 352
\BOOKMARK [2][-]{subsection.8.3.1}{\376\377\0008\000.\0003\000.\0001\000\040\000C\000l\000o\000h\000e\000s\000s\000y\000-\000W\000i\000l\000t\000s\000h\000i\000r\000e\000\040\000E\000q\000u\000a\000t\000i\000o\000n\000s\000\040\000a\000n\000d\000\040\000S\000t\000a\000t\000e\000-\000S\000p\000a\000c\000e\000\040\000F\000o\000r\000m}{section.8.3}% 353
\BOOKMARK [2][-]{subsection.8.3.2}{\376\377\0008\000.\0003\000.\0002\000\040\000D\000o\000c\000k\000i\000n\000g\000\040\000S\000c\000e\000n\000a\000r\000i\000o\000:\000\040\0001\000\040\000k\000m\000\040\000t\000o\000\040\0001\0000\000\040\000m\000\040\000A\000p\000p\000r\000o\000a\000c\000h}{section.8.3}% 354
\BOOKMARK [2][-]{subsection.8.3.3}{\376\377\0008\000.\0003\000.\0003\000\040\000F\000u\000e\000l\000\040\000C\000o\000n\000s\000u\000m\000p\000t\000i\000o\000n\000\040\000A\000n\000a\000l\000y\000s\000i\000s}{section.8.3}% 355
\BOOKMARK [1][-]{section.8.4}{\376\377\0008\000.\0004\000\040\000A\000u\000t\000o\000n\000o\000m\000o\000u\000s\000\040\000D\000r\000i\000v\000i\000n\000g\000:\000\040\000V\000e\000h\000i\000c\000l\000e\000\040\000D\000y\000n\000a\000m\000i\000c\000s\000\040\000a\000n\000d\000\040\000L\000a\000n\000e\000-\000K\000e\000e\000p\000i\000n\000g}{chapter.8}% 356
\BOOKMARK [2][-]{subsection.8.4.1}{\376\377\0008\000.\0004\000.\0001\000\040\000B\000i\000c\000y\000c\000l\000e\000\040\000M\000o\000d\000e\000l\000\040\000K\000i\000n\000e\000m\000a\000t\000i\000c\000s}{section.8.4}% 357
\BOOKMARK [2][-]{subsection.8.4.2}{\376\377\0008\000.\0004\000.\0002\000\040\000L\000a\000n\000e\000-\000K\000e\000e\000p\000i\000n\000g\000\040\000a\000s\000\040\000a\000\040\000C\000o\000n\000t\000r\000a\000c\000t\000i\000o\000n\000\040\000P\000r\000o\000b\000l\000e\000m}{section.8.4}% 358
\BOOKMARK [2][-]{subsection.8.4.3}{\376\377\0008\000.\0004\000.\0003\000\040\000A\000d\000a\000p\000t\000i\000v\000e\000\040\000G\000a\000i\000n\000\040\000S\000c\000h\000e\000d\000u\000l\000i\000n\000g}{section.8.4}% 359
\BOOKMARK [1][-]{section.8.5}{\376\377\0008\000.\0005\000\040\000P\000r\000a\000c\000t\000i\000c\000a\000l\000\040\000I\000m\000p\000l\000e\000m\000e\000n\000t\000a\000t\000i\000o\000n\000\040\000C\000h\000e\000c\000k\000l\000i\000s\000t}{chapter.8}% 360
\BOOKMARK [2][-]{subsection.8.5.1}{\376\377\0008\000.\0005\000.\0001\000\040\000S\000t\000e\000p\000\040\0001\000:\000\040\000D\000e\000r\000i\000v\000e\000\040\000t\000h\000e\000\040\000C\000o\000n\000t\000r\000o\000l\000-\000A\000f\000f\000i\000n\000e\000\040\000M\000o\000d\000e\000l}{section.8.5}% 361
\BOOKMARK [2][-]{subsection.8.5.2}{\376\377\0008\000.\0005\000.\0002\000\040\000S\000t\000e\000p\000\040\0002\000:\000\040\000C\000h\000o\000o\000s\000e\000\040\000Q\000\040\000a\000n\000d\000\040\000R\000\040\000W\000e\000i\000g\000h\000t\000s}{section.8.5}% 362
\BOOKMARK [2][-]{subsection.8.5.3}{\376\377\0008\000.\0005\000.\0003\000\040\000S\000t\000e\000p\000\040\0003\000:\000\040\000V\000e\000r\000i\000f\000y\000\040\000C\000o\000n\000t\000r\000a\000c\000t\000i\000o\000n\000\040\000M\000a\000r\000g\000i\000n\000s\000\040\000N\000u\000m\000e\000r\000i\000c\000a\000l\000l\000y}{section.8.5}% 363
\BOOKMARK [2][-]{subsection.8.5.4}{\376\377\0008\000.\0005\000.\0004\000\040\000S\000t\000e\000p\000\040\0004\000:\000\040\000I\000d\000e\000n\000t\000i\000f\000y\000\040\000a\000n\000d\000\040\000M\000i\000t\000i\000g\000a\000t\000e\000\040\000C\000o\000m\000m\000o\000n\000\040\000P\000i\000t\000f\000a\000l\000l\000s}{section.8.5}% 364
\BOOKMARK [2][-]{subsection.8.5.5}{\376\377\0008\000.\0005\000.\0005\000\040\000S\000t\000e\000p\000\040\0005\000:\000\040\000S\000o\000f\000t\000w\000a\000r\000e\000\040\000T\000o\000o\000l\000s\000\040\000a\000n\000d\000\040\000I\000m\000p\000l\000e\000m\000e\000n\000t\000a\000t\000i\000o\000n}{section.8.5}% 365
\BOOKMARK [1][-]{section.8.6}{\376\377\0008\000.\0006\000\040\000E\000x\000p\000e\000r\000i\000m\000e\000n\000t\000a\000l\000\040\000V\000a\000l\000i\000d\000a\000t\000i\000o\000n}{chapter.8}% 366
\BOOKMARK [2][-]{subsection.8.6.1}{\376\377\0008\000.\0006\000.\0001\000\040\000V\000a\000l\000i\000d\000a\000t\000i\000n\000g\000\040\000P\000r\000e\000d\000i\000c\000t\000e\000d\000\040\000C\000o\000n\000t\000r\000a\000c\000t\000i\000o\000n\000\040\000R\000a\000t\000e\000s}{section.8.6}% 367
\BOOKMARK [2][-]{subsection.8.6.2}{\376\377\0008\000.\0006\000.\0002\000\040\000E\000s\000t\000i\000m\000a\000t\000i\000n\000g\000\040\000t\000h\000e\000\040\000D\000r\000i\000f\000t\000-\000C\000o\000n\000t\000r\000o\000l\000\040\000R\000a\000t\000i\000o\000\040\000f\000r\000o\000m\000\040\000S\000e\000n\000s\000o\000r\000\040\000D\000a\000t\000a}{section.8.6}% 368
\BOOKMARK [2][-]{subsection.8.6.3}{\376\377\0008\000.\0006\000.\0003\000\040\000C\000r\000o\000s\000s\000-\000D\000o\000m\000a\000i\000n\000\040\000V\000a\000l\000i\000d\000a\000t\000i\000o\000n\000\040\000S\000u\000m\000m\000a\000r\000y}{section.8.6}% 369
\BOOKMARK [1][-]{section.8.7}{\376\377\0008\000.\0007\000\040\000C\000h\000a\000p\000t\000e\000r\000\040\000S\000u\000m\000m\000a\000r\000y}{chapter.8}% 370
\BOOKMARK [0][-]{chapter*.3}{\376\377\000N\000o\000t\000a\000t\000i\000o\000n\000\040\000R\000e\000f\000e\000r\000e\000n\000c\000e}{}% 371
\BOOKMARK [0][-]{chapter*.4}{\376\377\000B\000i\000b\000l\000i\000o\000g\000r\000a\000p\000h\000y}{}% 372
